Copyright 1986-2020 Xilinx, Inc. All Rights Reserved.
---------------------------------------------------------------------------------------------------------------------------------------
| Tool Version : Vivado v.2020.2 (win64) Build 3064766 Wed Nov 18 09:12:45 MST 2020
| Date         : Mon May  4 00:51:12 2026
| Host         : DESKTOP-7CFQ9ND running 64-bit major release  (build 9200)
| Command      : report_drc -file axi_spi_wrapper_drc_routed.rpt -pb axi_spi_wrapper_drc_routed.pb -rpx axi_spi_wrapper_drc_routed.rpx
| Design       : axi_spi_wrapper
| Device       : xc7a35tcpg236-1
| Speed File   : -1
| Design State : Fully Routed
---------------------------------------------------------------------------------------------------------------------------------------

Report DRC

Table of Contents
-----------------
1. REPORT SUMMARY
2. REPORT DETAILS

1. REPORT SUMMARY
-----------------
            Netlist: netlist
          Floorplan: design_1
      Design limits: <entire design considered>
           Ruledeck: default
             Max violations: <unlimited>
             Violations found: 1
+----------+----------+-------------------+------------+
| Rule     | Severity | Description       | Violations |
+----------+----------+-------------------+------------+
| PDRC-153 | Warning  | Gated clock check | 1          |
+----------+----------+-------------------+------------+

2. REPORT DETAILS
-----------------
PDRC-153#1 Warning
Gated clock check  
Net axi_spi_i/axi_spi_0/inst/axi_spi_v1_0_S00_AXI_inst/slv_reg0_reg[4]_0 is a gated clock net sourced by a combinational pin axi_spi_i/axi_spi_0/inst/axi_spi_v1_0_S00_AXI_inst/sclk_r_reg_LDC_i_1/O, cell axi_spi_i/axi_spi_0/inst/axi_spi_v1_0_S00_AXI_inst/sclk_r_reg_LDC_i_1. This is not good design practice and will likely impact performance. For SLICE registers, for example, use the CE pin to control the loading of data.
Related violations: <none>


