Copyright 1986-2020 Xilinx, Inc. All Rights Reserved.
--------------------------------------------------------------------------------------------
| Tool Version : Vivado v.2020.2 (win64) Build 3064766 Wed Nov 18 09:12:45 MST 2020
| Date         : Mon May  4 00:50:45 2026
| Host         : DESKTOP-7CFQ9ND running 64-bit major release  (build 9200)
| Command      : report_control_sets -verbose -file axi_spi_wrapper_control_sets_placed.rpt
| Design       : axi_spi_wrapper
| Device       : xc7a35t
--------------------------------------------------------------------------------------------

Control Set Information

Table of Contents
-----------------
1. Summary
2. Histogram
3. Flip-Flop Distribution
4. Detailed Control Set Information

1. Summary
----------

+----------------------------------------------------------+-------+
|                          Status                          | Count |
+----------------------------------------------------------+-------+
| Total control sets                                       |   139 |
|    Minimum number of control sets                        |   139 |
|    Addition due to synthesis replication                 |     0 |
|    Addition due to physical synthesis replication        |     0 |
| Unused register locations in slices containing registers |   233 |
+----------------------------------------------------------+-------+
* Control sets can be merged at opt_design using control_set_merge or merge_equivalent_drivers
** Run report_qor_suggestions for automated merging and remapping suggestions


2. Histogram
------------

+--------------------+-------+
|       Fanout       | Count |
+--------------------+-------+
| Total control sets |   139 |
| >= 0 to < 4        |    15 |
| >= 4 to < 6        |     9 |
| >= 6 to < 8        |     4 |
| >= 8 to < 10       |    65 |
| >= 10 to < 12      |     6 |
| >= 12 to < 14      |     0 |
| >= 14 to < 16      |     2 |
| >= 16              |    38 |
+--------------------+-------+
* Control sets can be remapped at either synth_design or opt_design


3. Flip-Flop Distribution
-------------------------

+--------------+-----------------------+------------------------+-----------------+--------------+
| Clock Enable | Synchronous Set/Reset | Asynchronous Set/Reset | Total Registers | Total Slices |
+--------------+-----------------------+------------------------+-----------------+--------------+
| No           | No                    | No                     |             257 |           84 |
| No           | No                    | Yes                    |              45 |           16 |
| No           | Yes                   | No                     |             302 |          119 |
| Yes          | No                    | No                     |             250 |           60 |
| Yes          | No                    | Yes                    |              69 |           24 |
| Yes          | Yes                   | No                     |            1332 |          375 |
+--------------+-----------------------+------------------------+-----------------+--------------+


4. Detailed Control Set Information
-----------------------------------

+-----------------------------------------------------------------------+-----------------------------------------------------------------------------------------------------------------------------------------------------------------------------------------------------------+-----------------------------------------------------------------------------------------------------------------------------------------------+------------------+----------------+--------------+
|                              Clock Signal                             |                                                                                               Enable Signal                                                                                               |                                                                Set/Reset Signal                                                               | Slice Load Count | Bel Load Count | Bels / Slice |
+-----------------------------------------------------------------------+-----------------------------------------------------------------------------------------------------------------------------------------------------------------------------------------------------------+-----------------------------------------------------------------------------------------------------------------------------------------------+------------------+----------------+--------------+
|  axi_spi_i/axi_spi_0/inst/axi_spi_v1_0_S00_AXI_inst/slv_reg0_reg[4]_0 |                                                                                                                                                                                                           | axi_spi_i/axi_spi_0/inst/axi_spi_v1_0_S00_AXI_inst/ACTIVE_LOW_PR_OUT_DFF[0].FDRE_PER_N                                                        |                1 |              1 |         1.00 |
|  axi_spi_i/mdm_1/U0/Use_E2.BSCAN_I/Dbg_Update_0_BUFG                  | axi_spi_i/microblaze_0/U0/MicroBlaze_Core_I/Performance.Core/Use_Debug_Logic.Master_Core.Debug_Perf/Control_Reg_En                                                                                        | axi_spi_i/microblaze_0/U0/MicroBlaze_Core_I/Performance.Core/Use_Debug_Logic.Master_Core.Debug_Perf/start_single_step_reg_n_0                 |                1 |              1 |         1.00 |
|  axi_spi_i/mdm_1/U0/Use_E2.BSCAN_I/Dbg_Update_0_BUFG                  | axi_spi_i/microblaze_0/U0/MicroBlaze_Core_I/Performance.Core/Use_Debug_Logic.Master_Core.Debug_Perf/Control_Reg_En                                                                                        | axi_spi_i/microblaze_0/U0/MicroBlaze_Core_I/Performance.Core/Use_Debug_Logic.Master_Core.Debug_Perf/Serial_Dbg_Intf.normal_stop_cmd_i_reg_n_0 |                1 |              1 |         1.00 |
|  axi_spi_i/clk_wiz_1/inst/clk_out1                                    | axi_spi_i/axi_spi_0/inst/U_SPI_MASTER/mosi_i_1_n_0                                                                                                                                                        | axi_spi_i/axi_spi_0/inst/axi_spi_v1_0_S00_AXI_inst/SR[0]                                                                                      |                1 |              1 |         1.00 |
|  axi_spi_i/mdm_1/U0/Use_E2.BSCAN_I/Dbg_Update_0_BUFG                  | axi_spi_i/microblaze_0/U0/MicroBlaze_Core_I/Performance.Core/Use_Debug_Logic.Master_Core.Debug_Perf/Control_Reg_En                                                                                        | axi_spi_i/microblaze_0/U0/MicroBlaze_Core_I/Performance.Core/Use_Debug_Logic.Master_Core.Debug_Perf/Serial_Dbg_Intf.force_stop_cmd_i_reg_0    |                1 |              1 |         1.00 |
|  axi_spi_i/mdm_1/U0/Use_E2.BSCAN_I/Dbg_Update_0_BUFG                  | axi_spi_i/microblaze_0/U0/MicroBlaze_Core_I/Performance.Core/Use_Debug_Logic.Master_Core.Debug_Perf/Control_Reg_En                                                                                        | axi_spi_i/microblaze_0/U0/MicroBlaze_Core_I/Performance.Core/Use_Debug_Logic.Master_Core.Debug_Perf/Serial_Dbg_Intf.continue_from_brk_reg_n_0 |                1 |              1 |         1.00 |
|  axi_spi_i/clk_wiz_1/inst/clk_out1                                    |                                                                                                                                                                                                           | axi_spi_i/axi_spi_0/inst/axi_spi_v1_0_S00_AXI_inst/ACTIVE_LOW_PR_OUT_DFF[0].FDRE_PER_N                                                        |                1 |              1 |         1.00 |
|  axi_spi_i/clk_wiz_1/inst/clk_out1                                    |                                                                                                                                                                                                           | axi_spi_i/axi_spi_0/inst/axi_spi_v1_0_S00_AXI_inst/slv_reg0_reg[4]_0                                                                          |                1 |              1 |         1.00 |
| ~axi_spi_i/mdm_1/U0/No_Dbg_Reg_Access.BUFG_DRCK/Dbg_Clk_0             | axi_spi_i/mdm_1/U0/MDM_Core_I1/JTAG_CONTROL_I/Use_BSCAN.FDC_I/CE                                                                                                                                          | axi_spi_i/mdm_1/U0/MDM_Core_I1/JTAG_CONTROL_I/Use_BSCAN.FDC_I/D                                                                               |                1 |              1 |         1.00 |
|  axi_spi_i/clk_wiz_1/inst/clk_out1                                    |                                                                                                                                                                                                           | axi_spi_i/microblaze_0/U0/MicroBlaze_Core_I/Performance.Core/Use_Debug_Logic.Master_Core.Debug_Perf/capture_1                                 |                1 |              1 |         1.00 |
|  axi_spi_i/clk_wiz_1/inst/clk_out1                                    | axi_spi_i/axi_spi_0/inst/U_SPI_MASTER/cs_n_i_1_n_0                                                                                                                                                        | axi_spi_i/axi_spi_0/inst/axi_spi_v1_0_S00_AXI_inst/SR[0]                                                                                      |                1 |              1 |         1.00 |
|  axi_spi_i/mdm_1/U0/No_Dbg_Reg_Access.BUFG_DRCK/Dbg_Clk_0             | axi_spi_i/mdm_1/U0/Use_E2.BSCAN_I/Use_BSCAN.PORT_Selector_reg[0]                                                                                                                                          | axi_spi_i/mdm_1/U0/MDM_Core_I1/JTAG_CONTROL_I/Functional_Reset                                                                                |                1 |              1 |         1.00 |
| ~axi_spi_i/mdm_1/U0/Use_E2.BSCAN_I/Dbg_Update_0_BUFG                  |                                                                                                                                                                                                           | axi_spi_i/mdm_1/U0/MDM_Core_I1/JTAG_CONTROL_I/sel_n                                                                                           |                1 |              1 |         1.00 |
|  axi_spi_i/mdm_1/U0/Use_E2.BSCAN_I/Dbg_Update_0_BUFG                  | axi_spi_i/microblaze_0/U0/MicroBlaze_Core_I/Performance.Core/Use_Debug_Logic.Master_Core.Debug_Perf/Command_Reg_En                                                                                        | axi_spi_i/microblaze_0/U0/MicroBlaze_Core_I/Performance.Core/Use_Debug_Logic.Master_Core.Debug_Perf/command_reg_clear                         |                1 |              2 |         2.00 |
|  axi_spi_i/mdm_1/U0/Use_E2.BSCAN_I/Dbg_Update_0_BUFG                  |                                                                                                                                                                                                           |                                                                                                                                               |                2 |              3 |         1.50 |
|  axi_spi_i/clk_wiz_1/inst/clk_out1                                    |                                                                                                                                                                                                           | axi_spi_i/rst_clk_wiz_1_100M/U0/bus_struct_reset[0]                                                                                           |                2 |              4 |         2.00 |
|  axi_spi_i/clk_wiz_1/inst/clk_out1                                    |                                                                                                                                                                                                           | axi_spi_i/microblaze_0_axi_intc/U0/AXI_LITE_IPIF_I/I_SLAVE_ATTACHMENT/clear                                                                   |                1 |              4 |         4.00 |
|  axi_spi_i/mdm_1/U0/Use_E2.BSCAN_I/Dbg_Update_0_BUFG                  | axi_spi_i/mdm_1/U0/MDM_Core_I1/MDM_SEL                                                                                                                                                                    | axi_spi_i/mdm_1/U0/Use_E2.BSCAN_I/AR[0]                                                                                                       |                1 |              4 |         4.00 |
|  axi_spi_i/mdm_1/U0/No_Dbg_Reg_Access.BUFG_DRCK/Dbg_Clk_0             | axi_spi_i/mdm_1/U0/MDM_Core_I1/TDI_Shifter0                                                                                                                                                               | axi_spi_i/mdm_1/U0/Use_E2.BSCAN_I/AR[0]                                                                                                       |                1 |              4 |         4.00 |
|  axi_spi_i/clk_wiz_1/inst/clk_out1                                    | axi_spi_i/axi_spi_0/inst/U_SPI_MASTER/bit_cnt                                                                                                                                                             | axi_spi_i/axi_spi_0/inst/axi_spi_v1_0_S00_AXI_inst/SR[0]                                                                                      |                1 |              4 |         4.00 |
| ~axi_spi_i/mdm_1/U0/Use_E2.BSCAN_I/Dbg_Update_0_BUFG                  |                                                                                                                                                                                                           | axi_spi_i/mdm_1/U0/Use_E2.BSCAN_I/AR[0]                                                                                                       |                1 |              4 |         4.00 |
|  axi_spi_i/clk_wiz_1/inst/clk_out1                                    |                                                                                                                                                                                                           | axi_spi_i/rst_clk_wiz_1_100M/U0/EXT_LPF/lpf_int                                                                                               |                2 |              5 |         2.50 |
|  axi_spi_i/mdm_1/U0/Use_E2.BSCAN_I/Dbg_Update_0_BUFG                  | axi_spi_i/microblaze_0/U0/MicroBlaze_Core_I/Performance.Core/Use_Debug_Logic.Master_Core.Debug_Perf/Control_Reg_En                                                                                        |                                                                                                                                               |                2 |              5 |         2.50 |
|  axi_spi_i/clk_wiz_1/inst/clk_out1                                    | axi_spi_i/microblaze_0/U0/MicroBlaze_Core_I/Performance.Core/Decode_I/wb_Halted                                                                                                                           | axi_spi_i/microblaze_0/U0/MicroBlaze_Core_I/sync_reset                                                                                        |                1 |              5 |         5.00 |
|  axi_spi_i/clk_wiz_1/inst/clk_out1                                    | axi_spi_i/rst_clk_wiz_1_100M/U0/SEQ/seq_cnt_en                                                                                                                                                            | axi_spi_i/rst_clk_wiz_1_100M/U0/SEQ/SEQ_COUNTER/clear                                                                                         |                1 |              6 |         6.00 |
|  axi_spi_i/mdm_1/U0/No_Dbg_Reg_Access.BUFG_DRCK/Dbg_Clk_0             | axi_spi_i/mdm_1/U0/Use_E2.BSCAN_I/Use_BSCAN.command_reg[6]                                                                                                                                                |                                                                                                                                               |                2 |              6 |         3.00 |
|  axi_spi_i/mdm_1/U0/No_Dbg_Reg_Access.BUFG_DRCK/Dbg_Clk_0             | axi_spi_i/mdm_1/U0/Use_E2.BSCAN_I/sel                                                                                                                                                                     |                                                                                                                                               |                2 |              6 |         3.00 |
|  axi_spi_i/mdm_1/U0/No_Dbg_Reg_Access.BUFG_DRCK/Dbg_Clk_0             | axi_spi_i/mdm_1/U0/MDM_Core_I1/JTAG_CONTROL_I/Use_BSCAN.FDC_I/sample_1                                                                                                                                    |                                                                                                                                               |                2 |              6 |         3.00 |
|  axi_spi_i/clk_wiz_1/inst/clk_out1                                    | axi_spi_i/TMR_0/inst/TMR_v1_0_S00_AXI_inst/slv_reg1[31]_i_1_n_0                                                                                                                                           | axi_spi_i/TMR_0/inst/TMR_v1_0_S00_AXI_inst/axi_awready_i_1_n_0                                                                                |                1 |              8 |         8.00 |
|  axi_spi_i/clk_wiz_1/inst/clk_out1                                    | axi_spi_i/GPIO8_2/inst/GPIO8_v1_0_S00_AXI_inst/slv_reg2[31]_i_1_n_0                                                                                                                                       | axi_spi_i/GPIO8_2/inst/GPIO8_v1_0_S00_AXI_inst/axi_awready_i_1_n_0                                                                            |                2 |              8 |         4.00 |
|  axi_spi_i/clk_wiz_1/inst/clk_out1                                    | axi_spi_i/GPIO8_2/inst/GPIO8_v1_0_S00_AXI_inst/slv_reg3[23]_i_1_n_0                                                                                                                                       | axi_spi_i/GPIO8_2/inst/GPIO8_v1_0_S00_AXI_inst/axi_awready_i_1_n_0                                                                            |                3 |              8 |         2.67 |
|  axi_spi_i/clk_wiz_1/inst/clk_out1                                    | axi_spi_i/GPIO8_2/inst/GPIO8_v1_0_S00_AXI_inst/slv_reg3[31]_i_1_n_0                                                                                                                                       | axi_spi_i/GPIO8_2/inst/GPIO8_v1_0_S00_AXI_inst/axi_awready_i_1_n_0                                                                            |                2 |              8 |         4.00 |
|  axi_spi_i/clk_wiz_1/inst/clk_out1                                    | axi_spi_i/GPIO8_2/inst/GPIO8_v1_0_S00_AXI_inst/slv_reg2[15]_i_1_n_0                                                                                                                                       | axi_spi_i/GPIO8_2/inst/GPIO8_v1_0_S00_AXI_inst/axi_awready_i_1_n_0                                                                            |                4 |              8 |         2.00 |
|  axi_spi_i/clk_wiz_1/inst/clk_out1                                    | axi_spi_i/GPIO8_2/inst/GPIO8_v1_0_S00_AXI_inst/slv_reg2[7]_i_1_n_0                                                                                                                                        | axi_spi_i/GPIO8_2/inst/GPIO8_v1_0_S00_AXI_inst/axi_awready_i_1_n_0                                                                            |                2 |              8 |         4.00 |
|  axi_spi_i/clk_wiz_1/inst/clk_out1                                    | axi_spi_i/GPIO8_2/inst/GPIO8_v1_0_S00_AXI_inst/slv_reg3[15]_i_1_n_0                                                                                                                                       | axi_spi_i/GPIO8_2/inst/GPIO8_v1_0_S00_AXI_inst/axi_awready_i_1_n_0                                                                            |                2 |              8 |         4.00 |
|  axi_spi_i/clk_wiz_1/inst/clk_out1                                    | axi_spi_i/GPIO8_2/inst/GPIO8_v1_0_S00_AXI_inst/slv_reg2[23]_i_1_n_0                                                                                                                                       | axi_spi_i/GPIO8_2/inst/GPIO8_v1_0_S00_AXI_inst/axi_awready_i_1_n_0                                                                            |                1 |              8 |         8.00 |
|  axi_spi_i/clk_wiz_1/inst/clk_out1                                    | axi_spi_i/GPIO8_2/inst/GPIO8_v1_0_S00_AXI_inst/p_1_in[8]                                                                                                                                                  | axi_spi_i/GPIO8_2/inst/GPIO8_v1_0_S00_AXI_inst/axi_awready_i_1_n_0                                                                            |                1 |              8 |         8.00 |
|  axi_spi_i/clk_wiz_1/inst/clk_out1                                    | axi_spi_i/GPIO8_2/inst/GPIO8_v1_0_S00_AXI_inst/p_1_in[31]                                                                                                                                                 | axi_spi_i/GPIO8_2/inst/GPIO8_v1_0_S00_AXI_inst/axi_awready_i_1_n_0                                                                            |                1 |              8 |         8.00 |
|  axi_spi_i/clk_wiz_1/inst/clk_out1                                    | axi_spi_i/GPIO8_2/inst/GPIO8_v1_0_S00_AXI_inst/p_1_in[7]                                                                                                                                                  | axi_spi_i/GPIO8_2/inst/GPIO8_v1_0_S00_AXI_inst/axi_awready_i_1_n_0                                                                            |                2 |              8 |         4.00 |
|  axi_spi_i/clk_wiz_1/inst/clk_out1                                    | axi_spi_i/GPIO8_2/inst/GPIO8_v1_0_S00_AXI_inst/p_1_in[16]                                                                                                                                                 | axi_spi_i/GPIO8_2/inst/GPIO8_v1_0_S00_AXI_inst/axi_awready_i_1_n_0                                                                            |                1 |              8 |         8.00 |
|  axi_spi_i/mdm_1/U0/No_Dbg_Reg_Access.BUFG_DRCK/Dbg_Clk_0             | axi_spi_i/mdm_1/U0/MDM_Core_I1/JTAG_CONTROL_I/tdi_shifter0                                                                                                                                                |                                                                                                                                               |                2 |              8 |         4.00 |
|  axi_spi_i/clk_wiz_1/inst/clk_out1                                    | axi_spi_i/GPIO8_2/inst/GPIO8_v1_0_S00_AXI_inst/slv_reg3[7]_i_1_n_0                                                                                                                                        | axi_spi_i/GPIO8_2/inst/GPIO8_v1_0_S00_AXI_inst/axi_awready_i_1_n_0                                                                            |                2 |              8 |         4.00 |
|  axi_spi_i/mdm_1/U0/No_Dbg_Reg_Access.BUFG_DRCK/Dbg_Clk_0             | axi_spi_i/microblaze_0/U0/MicroBlaze_Core_I/Performance.Core/Use_Debug_Logic.Master_Core.Debug_Perf/Using_PC_Breakpoints.All_PC_Brks[0].Serial_Interface_1.address_hit_I/Compare[0].SRLC16E_I/which_pc__0 |                                                                                                                                               |                7 |              8 |         1.14 |
|  axi_spi_i/mdm_1/U0/Use_E2.BSCAN_I/Dbg_Update_0_BUFG                  | axi_spi_i/mdm_1/U0/MDM_Core_I1/JTAG_CONTROL_I/Use_BSCAN.FDC_I/command_10                                                                                                                                  |                                                                                                                                               |                1 |              8 |         8.00 |
| ~axi_spi_i/mdm_1/U0/Use_E2.BSCAN_I/Dbg_Update_0_BUFG                  | axi_spi_i/mdm_1/U0/MDM_Core_I1/JTAG_CONTROL_I/Use_BSCAN.command[0]_i_1_n_0                                                                                                                                |                                                                                                                                               |                2 |              8 |         4.00 |
|  axi_spi_i/clk_wiz_1/inst/clk_out1                                    | axi_spi_i/microblaze_0_axi_intc/U0/AXI_LITE_IPIF_I/I_SLAVE_ATTACHMENT/bus2ip_addr_i[8]_i_1_n_0                                                                                                            | axi_spi_i/microblaze_0_axi_intc/U0/AXI_LITE_IPIF_I/I_SLAVE_ATTACHMENT/rst                                                                     |                2 |              8 |         4.00 |
|  axi_spi_i/clk_wiz_1/inst/clk_out1                                    | axi_spi_i/axi_spi_0/inst/axi_spi_v1_0_S00_AXI_inst/slv_reg2[15]_i_1_n_0                                                                                                                                   | axi_spi_i/axi_spi_0/inst/axi_spi_v1_0_S00_AXI_inst/SR[0]                                                                                      |                1 |              8 |         8.00 |
|  axi_spi_i/clk_wiz_1/inst/clk_out1                                    | axi_spi_i/axi_spi_0/inst/axi_spi_v1_0_S00_AXI_inst/slv_reg1[15]_i_1_n_0                                                                                                                                   | axi_spi_i/axi_spi_0/inst/axi_spi_v1_0_S00_AXI_inst/SR[0]                                                                                      |                3 |              8 |         2.67 |
|  axi_spi_i/clk_wiz_1/inst/clk_out1                                    | axi_spi_i/axi_spi_0/inst/axi_spi_v1_0_S00_AXI_inst/slv_reg1[23]_i_1_n_0                                                                                                                                   | axi_spi_i/axi_spi_0/inst/axi_spi_v1_0_S00_AXI_inst/SR[0]                                                                                      |                1 |              8 |         8.00 |
|  axi_spi_i/clk_wiz_1/inst/clk_out1                                    | axi_spi_i/axi_spi_0/inst/axi_spi_v1_0_S00_AXI_inst/slv_reg2[23]_i_1_n_0                                                                                                                                   | axi_spi_i/axi_spi_0/inst/axi_spi_v1_0_S00_AXI_inst/SR[0]                                                                                      |                3 |              8 |         2.67 |
|  axi_spi_i/clk_wiz_1/inst/clk_out1                                    | axi_spi_i/axi_spi_0/inst/axi_spi_v1_0_S00_AXI_inst/slv_reg2[31]_i_1_n_0                                                                                                                                   | axi_spi_i/axi_spi_0/inst/axi_spi_v1_0_S00_AXI_inst/SR[0]                                                                                      |                1 |              8 |         8.00 |
|  axi_spi_i/clk_wiz_1/inst/clk_out1                                    | axi_spi_i/axi_spi_0/inst/axi_spi_v1_0_S00_AXI_inst/slv_reg1[31]_i_1_n_0                                                                                                                                   | axi_spi_i/axi_spi_0/inst/axi_spi_v1_0_S00_AXI_inst/SR[0]                                                                                      |                1 |              8 |         8.00 |
|  axi_spi_i/clk_wiz_1/inst/clk_out1                                    | axi_spi_i/axi_spi_0/inst/axi_spi_v1_0_S00_AXI_inst/slv_reg1[7]_i_1_n_0                                                                                                                                    | axi_spi_i/axi_spi_0/inst/axi_spi_v1_0_S00_AXI_inst/SR[0]                                                                                      |                2 |              8 |         4.00 |
|  axi_spi_i/clk_wiz_1/inst/clk_out1                                    | axi_spi_i/axi_spi_0/inst/axi_spi_v1_0_S00_AXI_inst/slv_reg2[7]_i_1_n_0                                                                                                                                    | axi_spi_i/axi_spi_0/inst/axi_spi_v1_0_S00_AXI_inst/SR[0]                                                                                      |                1 |              8 |         8.00 |
|  axi_spi_i/clk_wiz_1/inst/clk_out1                                    | axi_spi_i/axi_spi_0/inst/axi_spi_v1_0_S00_AXI_inst/p_1_in[8]                                                                                                                                              | axi_spi_i/axi_spi_0/inst/axi_spi_v1_0_S00_AXI_inst/SR[0]                                                                                      |                1 |              8 |         8.00 |
|  axi_spi_i/clk_wiz_1/inst/clk_out1                                    | axi_spi_i/axi_spi_0/inst/axi_spi_v1_0_S00_AXI_inst/p_1_in[0]                                                                                                                                              | axi_spi_i/axi_spi_0/inst/axi_spi_v1_0_S00_AXI_inst/SR[0]                                                                                      |                2 |              8 |         4.00 |
|  axi_spi_i/clk_wiz_1/inst/clk_out1                                    | axi_spi_i/axi_spi_0/inst/axi_spi_v1_0_S00_AXI_inst/p_1_in[16]                                                                                                                                             | axi_spi_i/axi_spi_0/inst/axi_spi_v1_0_S00_AXI_inst/SR[0]                                                                                      |                1 |              8 |         8.00 |
|  axi_spi_i/clk_wiz_1/inst/clk_out1                                    | axi_spi_i/axi_spi_0/inst/axi_spi_v1_0_S00_AXI_inst/p_1_in[31]                                                                                                                                             | axi_spi_i/axi_spi_0/inst/axi_spi_v1_0_S00_AXI_inst/SR[0]                                                                                      |                1 |              8 |         8.00 |
|  axi_spi_i/clk_wiz_1/inst/clk_out1                                    | axi_spi_i/GPIO8_1/inst/GPIO8_v1_0_S00_AXI_inst/slv_reg2[23]_i_1_n_0                                                                                                                                       | axi_spi_i/GPIO8_1/inst/GPIO8_v1_0_S00_AXI_inst/axi_awready_i_1_n_0                                                                            |                1 |              8 |         8.00 |
|  axi_spi_i/clk_wiz_1/inst/clk_out1                                    | axi_spi_i/GPIO8_1/inst/GPIO8_v1_0_S00_AXI_inst/slv_reg2[15]_i_1_n_0                                                                                                                                       | axi_spi_i/GPIO8_1/inst/GPIO8_v1_0_S00_AXI_inst/axi_awready_i_1_n_0                                                                            |                4 |              8 |         2.00 |
|  axi_spi_i/clk_wiz_1/inst/clk_out1                                    | axi_spi_i/GPIO8_1/inst/GPIO8_v1_0_S00_AXI_inst/slv_reg3[23]_i_1_n_0                                                                                                                                       | axi_spi_i/GPIO8_1/inst/GPIO8_v1_0_S00_AXI_inst/axi_awready_i_1_n_0                                                                            |                1 |              8 |         8.00 |
|  axi_spi_i/clk_wiz_1/inst/clk_out1                                    | axi_spi_i/GPIO8_1/inst/GPIO8_v1_0_S00_AXI_inst/slv_reg3[7]_i_1_n_0                                                                                                                                        | axi_spi_i/GPIO8_1/inst/GPIO8_v1_0_S00_AXI_inst/axi_awready_i_1_n_0                                                                            |                4 |              8 |         2.00 |
|  axi_spi_i/clk_wiz_1/inst/clk_out1                                    | axi_spi_i/GPIO8_1/inst/GPIO8_v1_0_S00_AXI_inst/slv_reg2[31]_i_1_n_0                                                                                                                                       | axi_spi_i/GPIO8_1/inst/GPIO8_v1_0_S00_AXI_inst/axi_awready_i_1_n_0                                                                            |                2 |              8 |         4.00 |
|  axi_spi_i/clk_wiz_1/inst/clk_out1                                    | axi_spi_i/GPIO8_1/inst/GPIO8_v1_0_S00_AXI_inst/slv_reg3[31]_i_1_n_0                                                                                                                                       | axi_spi_i/GPIO8_1/inst/GPIO8_v1_0_S00_AXI_inst/axi_awready_i_1_n_0                                                                            |                1 |              8 |         8.00 |
|  axi_spi_i/clk_wiz_1/inst/clk_out1                                    | axi_spi_i/GPIO8_1/inst/GPIO8_v1_0_S00_AXI_inst/slv_reg2[7]_i_1_n_0                                                                                                                                        | axi_spi_i/GPIO8_1/inst/GPIO8_v1_0_S00_AXI_inst/axi_awready_i_1_n_0                                                                            |                3 |              8 |         2.67 |
|  axi_spi_i/clk_wiz_1/inst/clk_out1                                    | axi_spi_i/GPIO8_1/inst/GPIO8_v1_0_S00_AXI_inst/slv_reg3[15]_i_1_n_0                                                                                                                                       | axi_spi_i/GPIO8_1/inst/GPIO8_v1_0_S00_AXI_inst/axi_awready_i_1_n_0                                                                            |                1 |              8 |         8.00 |
|  axi_spi_i/clk_wiz_1/inst/clk_out1                                    | axi_spi_i/GPIO8_1/inst/GPIO8_v1_0_S00_AXI_inst/p_1_in[31]                                                                                                                                                 | axi_spi_i/GPIO8_1/inst/GPIO8_v1_0_S00_AXI_inst/axi_awready_i_1_n_0                                                                            |                1 |              8 |         8.00 |
|  axi_spi_i/clk_wiz_1/inst/clk_out1                                    | axi_spi_i/GPIO8_1/inst/GPIO8_v1_0_S00_AXI_inst/p_1_in[8]                                                                                                                                                  | axi_spi_i/GPIO8_1/inst/GPIO8_v1_0_S00_AXI_inst/axi_awready_i_1_n_0                                                                            |                1 |              8 |         8.00 |
|  axi_spi_i/clk_wiz_1/inst/clk_out1                                    | axi_spi_i/GPIO8_1/inst/GPIO8_v1_0_S00_AXI_inst/p_1_in[7]                                                                                                                                                  | axi_spi_i/GPIO8_1/inst/GPIO8_v1_0_S00_AXI_inst/axi_awready_i_1_n_0                                                                            |                3 |              8 |         2.67 |
|  axi_spi_i/clk_wiz_1/inst/clk_out1                                    | axi_spi_i/GPIO8_1/inst/GPIO8_v1_0_S00_AXI_inst/p_1_in[16]                                                                                                                                                 | axi_spi_i/GPIO8_1/inst/GPIO8_v1_0_S00_AXI_inst/axi_awready_i_1_n_0                                                                            |                1 |              8 |         8.00 |
|  axi_spi_i/clk_wiz_1/inst/clk_out1                                    | axi_spi_i/GPIO8_0/inst/GPIO8_v1_0_S00_AXI_inst/slv_reg2[15]_i_1_n_0                                                                                                                                       | axi_spi_i/GPIO8_0/inst/GPIO8_v1_0_S00_AXI_inst/axi_awready_i_1_n_0                                                                            |                1 |              8 |         8.00 |
|  axi_spi_i/clk_wiz_1/inst/clk_out1                                    | axi_spi_i/GPIO8_0/inst/GPIO8_v1_0_S00_AXI_inst/slv_reg2[23]_i_1_n_0                                                                                                                                       | axi_spi_i/GPIO8_0/inst/GPIO8_v1_0_S00_AXI_inst/axi_awready_i_1_n_0                                                                            |                1 |              8 |         8.00 |
|  axi_spi_i/clk_wiz_1/inst/clk_out1                                    | axi_spi_i/GPIO8_0/inst/GPIO8_v1_0_S00_AXI_inst/slv_reg3[15]_i_1_n_0                                                                                                                                       | axi_spi_i/GPIO8_0/inst/GPIO8_v1_0_S00_AXI_inst/axi_awready_i_1_n_0                                                                            |                1 |              8 |         8.00 |
|  axi_spi_i/clk_wiz_1/inst/clk_out1                                    | axi_spi_i/GPIO8_0/inst/GPIO8_v1_0_S00_AXI_inst/slv_reg3[23]_i_1_n_0                                                                                                                                       | axi_spi_i/GPIO8_0/inst/GPIO8_v1_0_S00_AXI_inst/axi_awready_i_1_n_0                                                                            |                2 |              8 |         4.00 |
|  axi_spi_i/clk_wiz_1/inst/clk_out1                                    | axi_spi_i/GPIO8_0/inst/GPIO8_v1_0_S00_AXI_inst/slv_reg3[31]_i_1_n_0                                                                                                                                       | axi_spi_i/GPIO8_0/inst/GPIO8_v1_0_S00_AXI_inst/axi_awready_i_1_n_0                                                                            |                2 |              8 |         4.00 |
|  axi_spi_i/clk_wiz_1/inst/clk_out1                                    | axi_spi_i/GPIO8_0/inst/GPIO8_v1_0_S00_AXI_inst/slv_reg2[7]_i_1_n_0                                                                                                                                        | axi_spi_i/GPIO8_0/inst/GPIO8_v1_0_S00_AXI_inst/axi_awready_i_1_n_0                                                                            |                3 |              8 |         2.67 |
|  axi_spi_i/clk_wiz_1/inst/clk_out1                                    | axi_spi_i/GPIO8_0/inst/GPIO8_v1_0_S00_AXI_inst/slv_reg3[7]_i_1_n_0                                                                                                                                        | axi_spi_i/GPIO8_0/inst/GPIO8_v1_0_S00_AXI_inst/axi_awready_i_1_n_0                                                                            |                3 |              8 |         2.67 |
|  axi_spi_i/clk_wiz_1/inst/clk_out1                                    | axi_spi_i/GPIO8_0/inst/GPIO8_v1_0_S00_AXI_inst/slv_reg2[31]_i_1_n_0                                                                                                                                       | axi_spi_i/GPIO8_0/inst/GPIO8_v1_0_S00_AXI_inst/axi_awready_i_1_n_0                                                                            |                1 |              8 |         8.00 |
|  axi_spi_i/clk_wiz_1/inst/clk_out1                                    | axi_spi_i/GPIO8_0/inst/GPIO8_v1_0_S00_AXI_inst/p_1_in[7]                                                                                                                                                  | axi_spi_i/GPIO8_0/inst/GPIO8_v1_0_S00_AXI_inst/axi_awready_i_1_n_0                                                                            |                3 |              8 |         2.67 |
|  axi_spi_i/clk_wiz_1/inst/clk_out1                                    | axi_spi_i/GPIO8_0/inst/GPIO8_v1_0_S00_AXI_inst/p_1_in[16]                                                                                                                                                 | axi_spi_i/GPIO8_0/inst/GPIO8_v1_0_S00_AXI_inst/axi_awready_i_1_n_0                                                                            |                1 |              8 |         8.00 |
|  axi_spi_i/clk_wiz_1/inst/clk_out1                                    | axi_spi_i/GPIO8_0/inst/GPIO8_v1_0_S00_AXI_inst/p_1_in[31]                                                                                                                                                 | axi_spi_i/GPIO8_0/inst/GPIO8_v1_0_S00_AXI_inst/axi_awready_i_1_n_0                                                                            |                2 |              8 |         4.00 |
|  axi_spi_i/clk_wiz_1/inst/clk_out1                                    | axi_spi_i/GPIO8_0/inst/GPIO8_v1_0_S00_AXI_inst/p_1_in[8]                                                                                                                                                  | axi_spi_i/GPIO8_0/inst/GPIO8_v1_0_S00_AXI_inst/axi_awready_i_1_n_0                                                                            |                1 |              8 |         8.00 |
|  axi_spi_i/clk_wiz_1/inst/clk_out1                                    | axi_spi_i/TMR_0/inst/TMR_v1_0_S00_AXI_inst/slv_reg2[15]_i_1_n_0                                                                                                                                           | axi_spi_i/TMR_0/inst/TMR_v1_0_S00_AXI_inst/axi_awready_i_1_n_0                                                                                |                2 |              8 |         4.00 |
|  axi_spi_i/clk_wiz_1/inst/clk_out1                                    | axi_spi_i/TMR_0/inst/TMR_v1_0_S00_AXI_inst/p_1_in[8]                                                                                                                                                      | axi_spi_i/TMR_0/inst/TMR_v1_0_S00_AXI_inst/axi_awready_i_1_n_0                                                                                |                1 |              8 |         8.00 |
|  axi_spi_i/clk_wiz_1/inst/clk_out1                                    | axi_spi_i/TMR_0/inst/TMR_v1_0_S00_AXI_inst/p_1_in[16]                                                                                                                                                     | axi_spi_i/TMR_0/inst/TMR_v1_0_S00_AXI_inst/axi_awready_i_1_n_0                                                                                |                1 |              8 |         8.00 |
|  axi_spi_i/clk_wiz_1/inst/clk_out1                                    | axi_spi_i/TMR_0/inst/TMR_v1_0_S00_AXI_inst/p_1_in[31]                                                                                                                                                     | axi_spi_i/TMR_0/inst/TMR_v1_0_S00_AXI_inst/axi_awready_i_1_n_0                                                                                |                2 |              8 |         4.00 |
|  axi_spi_i/clk_wiz_1/inst/clk_out1                                    | axi_spi_i/TMR_0/inst/TMR_v1_0_S00_AXI_inst/slv_reg2[31]_i_1_n_0                                                                                                                                           | axi_spi_i/TMR_0/inst/TMR_v1_0_S00_AXI_inst/axi_awready_i_1_n_0                                                                                |                1 |              8 |         8.00 |
|  axi_spi_i/clk_wiz_1/inst/clk_out1                                    | axi_spi_i/TMR_0/inst/TMR_v1_0_S00_AXI_inst/p_1_in[7]                                                                                                                                                      | axi_spi_i/TMR_0/inst/TMR_v1_0_S00_AXI_inst/axi_awready_i_1_n_0                                                                                |                2 |              8 |         4.00 |
|  axi_spi_i/clk_wiz_1/inst/clk_out1                                    | axi_spi_i/TMR_0/inst/TMR_v1_0_S00_AXI_inst/slv_reg2[23]_i_1_n_0                                                                                                                                           | axi_spi_i/TMR_0/inst/TMR_v1_0_S00_AXI_inst/axi_awready_i_1_n_0                                                                                |                1 |              8 |         8.00 |
|  axi_spi_i/clk_wiz_1/inst/clk_out1                                    | axi_spi_i/TMR_0/inst/TMR_v1_0_S00_AXI_inst/slv_reg1[23]_i_1_n_0                                                                                                                                           | axi_spi_i/TMR_0/inst/TMR_v1_0_S00_AXI_inst/axi_awready_i_1_n_0                                                                                |                1 |              8 |         8.00 |
|  axi_spi_i/clk_wiz_1/inst/clk_out1                                    | axi_spi_i/TMR_0/inst/TMR_v1_0_S00_AXI_inst/slv_reg2[7]_i_1_n_0                                                                                                                                            | axi_spi_i/TMR_0/inst/TMR_v1_0_S00_AXI_inst/axi_awready_i_1_n_0                                                                                |                1 |              8 |         8.00 |
|  axi_spi_i/clk_wiz_1/inst/clk_out1                                    | axi_spi_i/TMR_0/inst/TMR_v1_0_S00_AXI_inst/slv_reg1[7]_i_1_n_0                                                                                                                                            | axi_spi_i/TMR_0/inst/TMR_v1_0_S00_AXI_inst/axi_awready_i_1_n_0                                                                                |                1 |              8 |         8.00 |
|  axi_spi_i/clk_wiz_1/inst/clk_out1                                    | axi_spi_i/TMR_0/inst/TMR_v1_0_S00_AXI_inst/slv_reg1[15]_i_1_n_0                                                                                                                                           | axi_spi_i/TMR_0/inst/TMR_v1_0_S00_AXI_inst/axi_awready_i_1_n_0                                                                                |                1 |              8 |         8.00 |
|  axi_spi_i/clk_wiz_1/inst/clk_out1                                    |                                                                                                                                                                                                           | axi_spi_i/GPIO8_2/inst/GPIO8_v1_0_S00_AXI_inst/axi_awready_i_1_n_0                                                                            |                5 |             10 |         2.00 |
|  axi_spi_i/clk_wiz_1/inst/clk_out1                                    |                                                                                                                                                                                                           | axi_spi_i/GPIO8_1/inst/GPIO8_v1_0_S00_AXI_inst/axi_awready_i_1_n_0                                                                            |                3 |             10 |         3.33 |
|  axi_spi_i/clk_wiz_1/inst/clk_out1                                    |                                                                                                                                                                                                           | axi_spi_i/GPIO8_0/inst/GPIO8_v1_0_S00_AXI_inst/axi_awready_i_1_n_0                                                                            |                3 |             10 |         3.33 |
|  axi_spi_i/clk_wiz_1/inst/clk_out1                                    |                                                                                                                                                                                                           | axi_spi_i/TMR_0/inst/TMR_v1_0_S00_AXI_inst/axi_awready_i_1_n_0                                                                                |                3 |             10 |         3.33 |
|  axi_spi_i/mdm_1/U0/No_Dbg_Reg_Access.BUFG_DRCK/Dbg_Clk_0             | axi_spi_i/mdm_1/U0/MDM_Core_I1/JTAG_CONTROL_I/Use_BSCAN.FDC_I/Use_Serial_Unified_Completion.completion_block_reg                                                                                          |                                                                                                                                               |                4 |             10 |         2.50 |
|  axi_spi_i/clk_wiz_1/inst/clk_out1                                    |                                                                                                                                                                                                           | axi_spi_i/microblaze_0_axi_intc/U0/AXI_LITE_IPIF_I/I_SLAVE_ATTACHMENT/rst                                                                     |                4 |             11 |         2.75 |
|  axi_spi_i/clk_wiz_1/inst/clk_out1                                    |                                                                                                                                                                                                           | axi_spi_i/microblaze_0_axi_periph/xbar/inst/gen_sasd.crossbar_sasd_0/addr_arbiter_inst/SR[0]                                                  |                4 |             14 |         3.50 |
|  axi_spi_i/clk_wiz_1/inst/clk_out1                                    | axi_spi_i/microblaze_0_axi_periph/xbar/inst/gen_sasd.crossbar_sasd_0/reg_slice_r/aa_rready                                                                                                                |                                                                                                                                               |                4 |             15 |         3.75 |
|  axi_spi_i/clk_wiz_1/inst/clk_out1                                    | axi_spi_i/axi_spi_0/inst/U_SPI_MASTER/tx_shift_reg_0                                                                                                                                                      | axi_spi_i/axi_spi_0/inst/axi_spi_v1_0_S00_AXI_inst/SR[0]                                                                                      |                5 |             16 |         3.20 |
|  axi_spi_i/clk_wiz_1/inst/clk_out1                                    | axi_spi_i/axi_spi_0/inst/U_SPI_MASTER/rx_data[15]_i_1_n_0                                                                                                                                                 | axi_spi_i/axi_spi_0/inst/axi_spi_v1_0_S00_AXI_inst/SR[0]                                                                                      |                4 |             16 |         4.00 |
|  axi_spi_i/clk_wiz_1/inst/clk_out1                                    | axi_spi_i/microblaze_0/U0/MicroBlaze_Core_I/Performance.Core/Decode_I/PreFetch_Buffer_I1/Instruction_Prefetch_Mux[4].Gen_Instr_DFF/E[0]                                                                   | axi_spi_i/microblaze_0/U0/MicroBlaze_Core_I/sync_reset                                                                                        |                7 |             16 |         2.29 |
|  axi_spi_i/clk_wiz_1/inst/clk_out1                                    | axi_spi_i/axi_spi_0/inst/U_SPI_MASTER/rx_shift_reg_1                                                                                                                                                      | axi_spi_i/axi_spi_0/inst/axi_spi_v1_0_S00_AXI_inst/SR[0]                                                                                      |                4 |             16 |         4.00 |
|  axi_spi_i/clk_wiz_1/inst/clk_out1                                    | axi_spi_i/microblaze_0_axi_intc/U0/AXI_LITE_IPIF_I/I_SLAVE_ATTACHMENT/start2                                                                                                                              | axi_spi_i/microblaze_0_axi_intc/U0/AXI_LITE_IPIF_I/I_SLAVE_ATTACHMENT/I_DECODER/cs_ce_clr                                                     |                5 |             19 |         3.80 |
|  axi_spi_i/clk_wiz_1/inst/clk_out1                                    | axi_spi_i/microblaze_0/U0/MicroBlaze_Core_I/Performance.Core/Decode_I/mem_wait_on_ready_N_carry_or/MUXCY_I/lopt_1                                                                                         | axi_spi_i/microblaze_0/U0/MicroBlaze_Core_I/sync_reset                                                                                        |                5 |             21 |         4.20 |
|  axi_spi_i/clk_wiz_1/inst/clk_out1                                    |                                                                                                                                                                                                           | axi_spi_i/microblaze_0_axi_intc/U0/INTC_CORE_I/ACTIVE_LOW_PR_OUT_DFF[0].FDRE_PER_N                                                            |                6 |             22 |         3.67 |
|  axi_spi_i/mdm_1/U0/No_Dbg_Reg_Access.BUFG_DRCK/Dbg_Clk_0             |                                                                                                                                                                                                           | axi_spi_i/mdm_1/U0/Use_E2.BSCAN_I/Use_E2.BSCANE2_I_0                                                                                          |                5 |             23 |         4.60 |
|  axi_spi_i/clk_wiz_1/inst/clk_out1                                    | axi_spi_i/microblaze_0_axi_periph/xbar/inst/gen_sasd.crossbar_sasd_0/addr_arbiter_inst/p_0_in1_in                                                                                                         | axi_spi_i/microblaze_0_axi_periph/xbar/inst/gen_sasd.crossbar_sasd_0/addr_arbiter_inst/SR[0]                                                  |                7 |             23 |         3.29 |
|  axi_spi_i/clk_wiz_1/inst/clk_out1                                    |                                                                                                                                                                                                           | axi_spi_i/axi_spi_0/inst/axi_spi_v1_0_S00_AXI_inst/SR[0]                                                                                      |               12 |             26 |         2.17 |
|  axi_spi_i/clk_wiz_1/inst/clk_out1                                    | axi_spi_i/microblaze_0/U0/MicroBlaze_Core_I/Performance.Core/Decode_I/mem_wait_on_ready_N_carry_or/MUXCY_I/lopt_1                                                                                         | axi_spi_i/microblaze_0/U0/MicroBlaze_Core_I/Performance.Core/Decode_I/SR[0]                                                                   |                8 |             32 |         4.00 |
|  axi_spi_i/clk_wiz_1/inst/clk_out1                                    | axi_spi_i/microblaze_0/U0/MicroBlaze_Core_I/Performance.Core/Decode_I/Use_MuxCy[3].OF_Piperun_Stage/MUXCY_I/Using_FPGA.Native_0                                                                           | axi_spi_i/microblaze_0/U0/MicroBlaze_Core_I/Performance.Core/Decode_I/R                                                                       |               11 |             32 |         2.91 |
|  axi_spi_i/clk_wiz_1/inst/clk_out1                                    | axi_spi_i/GPIO8_1/inst/GPIO8_v1_0_S00_AXI_inst/slv_reg_rden__0                                                                                                                                            | axi_spi_i/GPIO8_1/inst/GPIO8_v1_0_S00_AXI_inst/axi_awready_i_1_n_0                                                                            |               14 |             32 |         2.29 |
|  axi_spi_i/clk_wiz_1/inst/clk_out1                                    | axi_spi_i/microblaze_0/U0/MicroBlaze_Core_I/Performance.Core/Decode_I/PreFetch_Buffer_I1/Gen_Mux_Select_LUT6[2].Gen_Sel_DFF/Using_FPGA.Native_1[0]                                                        | axi_spi_i/microblaze_0/U0/MicroBlaze_Core_I/sync_reset                                                                                        |               11 |             32 |         2.91 |
|  axi_spi_i/clk_wiz_1/inst/clk_out1                                    | axi_spi_i/microblaze_0/U0/MicroBlaze_Core_I/Performance.Core/Use_Debug_Logic.Master_Core.Debug_Perf/data_rd_reg[0]_i_1_n_0                                                                                | axi_spi_i/microblaze_0/U0/MicroBlaze_Core_I/sync_reset                                                                                        |               13 |             32 |         2.46 |
|  axi_spi_i/clk_wiz_1/inst/clk_out1                                    | axi_spi_i/microblaze_0_axi_intc/U0/AXI_LITE_IPIF_I/I_SLAVE_ATTACHMENT/s_axi_rresp_i                                                                                                                       | axi_spi_i/microblaze_0_axi_intc/U0/AXI_LITE_IPIF_I/I_SLAVE_ATTACHMENT/rst                                                                     |               10 |             32 |         3.20 |
|  axi_spi_i/clk_wiz_1/inst/clk_out1                                    | axi_spi_i/GPIO8_2/inst/GPIO8_v1_0_S00_AXI_inst/slv_reg_rden__0                                                                                                                                            | axi_spi_i/GPIO8_2/inst/GPIO8_v1_0_S00_AXI_inst/axi_awready_i_1_n_0                                                                            |               15 |             32 |         2.13 |
|  axi_spi_i/clk_wiz_1/inst/clk_out1                                    | axi_spi_i/axi_spi_0/inst/axi_spi_v1_0_S00_AXI_inst/p_3_in                                                                                                                                                 | axi_spi_i/axi_spi_0/inst/axi_spi_v1_0_S00_AXI_inst/SR[0]                                                                                      |               11 |             32 |         2.91 |
|  axi_spi_i/clk_wiz_1/inst/clk_out1                                    | axi_spi_i/TMR_0/inst/TMR_v1_0_S00_AXI_inst/slv_reg_rden__0                                                                                                                                                | axi_spi_i/TMR_0/inst/TMR_v1_0_S00_AXI_inst/axi_awready_i_1_n_0                                                                                |                9 |             32 |         3.56 |
|  axi_spi_i/mdm_1/U0/No_Dbg_Reg_Access.BUFG_DRCK/Dbg_Clk_0             | axi_spi_i/microblaze_0/U0/MicroBlaze_Core_I/Performance.Core/Use_Debug_Logic.Master_Core.Debug_Perf/New_Dbg_Instr_TCK                                                                                     |                                                                                                                                               |                8 |             32 |         4.00 |
|  axi_spi_i/clk_wiz_1/inst/clk_out1                                    | axi_spi_i/microblaze_0_axi_periph/xbar/inst/gen_sasd.crossbar_sasd_0/addr_arbiter_inst/s_axi_rvalid[0]                                                                                                    | axi_spi_i/microblaze_0/U0/MicroBlaze_Core_I/sync_reset                                                                                        |                9 |             32 |         3.56 |
|  axi_spi_i/clk_wiz_1/inst/clk_out1                                    | axi_spi_i/TMR_0/inst/TMR_v1_0_S00_AXI_inst/slv_reg0_reg[0]_0                                                                                                                                              | axi_spi_i/TMR_0/inst/U_TIMERCOUNTER/U_COUNTER/count_n_0                                                                                       |                8 |             32 |         4.00 |
|  axi_spi_i/clk_wiz_1/inst/clk_out1                                    |                                                                                                                                                                                                           | axi_spi_i/microblaze_0/U0/MicroBlaze_Core_I/Performance.Core/wb_dlmb_valid_read_data0                                                         |               15 |             32 |         2.13 |
|  axi_spi_i/clk_wiz_1/inst/clk_out1                                    | axi_spi_i/microblaze_0_axi_intc/U0/INTC_CORE_I/irq                                                                                                                                                        |                                                                                                                                               |                6 |             32 |         5.33 |
|  axi_spi_i/clk_wiz_1/inst/clk_out1                                    | axi_spi_i/GPIO8_0/inst/GPIO8_v1_0_S00_AXI_inst/slv_reg_rden__0                                                                                                                                            | axi_spi_i/GPIO8_0/inst/GPIO8_v1_0_S00_AXI_inst/axi_awready_i_1_n_0                                                                            |               15 |             32 |         2.13 |
|  axi_spi_i/clk_wiz_1/inst/clk_out1                                    | axi_spi_i/microblaze_0/U0/MicroBlaze_Core_I/Performance.Core/Decode_I/Use_MuxCy[3].OF_Piperun_Stage/MUXCY_I/E[0]                                                                                          | axi_spi_i/microblaze_0/U0/MicroBlaze_Core_I/sync_reset                                                                                        |                6 |             32 |         5.33 |
|  axi_spi_i/clk_wiz_1/inst/clk_out1                                    | axi_spi_i/TMR_0/inst/TMR_v1_0_S00_AXI_inst/Q[0]                                                                                                                                                           | axi_spi_i/TMR_0/inst/U_TIMERCOUNTER/U_PRESCALER/preCounter_n_0                                                                                |                8 |             32 |         4.00 |
|  axi_spi_i/clk_wiz_1/inst/clk_out1                                    | axi_spi_i/microblaze_0_axi_periph/xbar/inst/gen_sasd.crossbar_sasd_0/addr_arbiter_inst/E[0]                                                                                                               |                                                                                                                                               |                9 |             33 |         3.67 |
|  axi_spi_i/clk_wiz_1/inst/clk_out1                                    | axi_spi_i/microblaze_0/U0/MicroBlaze_Core_I/Performance.Core/Decode_I/mem_wait_on_ready_N_carry_or/MUXCY_I/lopt_1                                                                                         |                                                                                                                                               |                6 |             34 |         5.67 |
|  axi_spi_i/mdm_1/U0/No_Dbg_Reg_Access.BUFG_DRCK/Dbg_Clk_0             | axi_spi_i/mdm_1/U0/Use_E2.BSCAN_I/Use_BSCAN.PORT_Selector_reg[0]                                                                                                                                          |                                                                                                                                               |               10 |             47 |         4.70 |
|  axi_spi_i/clk_wiz_1/inst/clk_out1                                    | axi_spi_i/microblaze_0_axi_intc/U0/AXI_LITE_IPIF_I/I_SLAVE_ATTACHMENT/I_DECODER/bus2ip_wrce[0]                                                                                                            |                                                                                                                                               |                8 |             64 |         8.00 |
|  axi_spi_i/clk_wiz_1/inst/clk_out1                                    | axi_spi_i/microblaze_0/U0/MicroBlaze_Core_I/Performance.Core/Decode_I/PreFetch_Buffer_I1/Instruction_Prefetch_Mux[42].Instr_Mux_MUXF7/Performance_Debug_Control.dbg_freeze_nohalt_reg                     |                                                                                                                                               |               11 |             75 |         6.82 |
|  axi_spi_i/mdm_1/U0/No_Dbg_Reg_Access.BUFG_DRCK/Dbg_Clk_0             |                                                                                                                                                                                                           |                                                                                                                                               |               26 |             80 |         3.08 |
|  axi_spi_i/clk_wiz_1/inst/clk_out1                                    | axi_spi_i/microblaze_0/U0/MicroBlaze_Core_I/Performance.Core/Decode_I/Use_MuxCy[3].OF_Piperun_Stage/MUXCY_I/Using_FPGA.Native_0                                                                           | axi_spi_i/microblaze_0/U0/MicroBlaze_Core_I/sync_reset                                                                                        |               31 |             84 |         2.71 |
|  axi_spi_i/clk_wiz_1/inst/clk_out1                                    | axi_spi_i/microblaze_0/U0/MicroBlaze_Core_I/Performance.Core/Decode_I/WB_GPR_Wr                                                                                                                           |                                                                                                                                               |               16 |            128 |         8.00 |
|  axi_spi_i/clk_wiz_1/inst/clk_out1                                    |                                                                                                                                                                                                           | axi_spi_i/microblaze_0/U0/MicroBlaze_Core_I/sync_reset                                                                                        |               64 |            157 |         2.45 |
|  axi_spi_i/clk_wiz_1/inst/clk_out1                                    |                                                                                                                                                                                                           |                                                                                                                                               |               60 |            191 |         3.18 |
|  axi_spi_i/clk_wiz_1/inst/clk_out1                                    | axi_spi_i/microblaze_0/U0/MicroBlaze_Core_I/Performance.Core/Decode_I/Use_MuxCy[11].OF_Piperun_Stage/MUXCY_I/Using_FPGA.Native_0                                                                          | axi_spi_i/microblaze_0/U0/MicroBlaze_Core_I/sync_reset                                                                                        |               67 |            221 |         3.30 |
+-----------------------------------------------------------------------+-----------------------------------------------------------------------------------------------------------------------------------------------------------------------------------------------------------+-----------------------------------------------------------------------------------------------------------------------------------------------+------------------+----------------+--------------+


