20:24:23 **** Incremental Build of configuration Debug for project axi_i2c ****
make all 
'Building file: ../src/ap/upcounter/UpCounter.c'
'Invoking: MicroBlaze gcc compiler'
mb-gcc -Wall -O0 -g3 -c -fmessage-length=0 -MT"src/ap/upcounter/UpCounter.o" -ID:/pr0503_microblaze_axi_spi_i2c/microblaze_i2c/workspace/axi_i2c_wrapper/export/axi_i2c_wrapper/sw/axi_i2c_wrapper/standalone_microblaze_0/bspinclude/include -mlittle-endian -mcpu=v11.0 -mxl-soft-mul -Wl,--no-relax -ffunction-sections -fdata-sections -MMD -MP -MF"src/ap/upcounter/UpCounter.d" -MT"src/ap/upcounter/UpCounter.o" -o "src/ap/upcounter/UpCounter.o" "../src/ap/upcounter/UpCounter.c"
'Finished building: ../src/ap/upcounter/UpCounter.c'
' '
'Building target: axi_i2c.elf'
'Invoking: MicroBlaze gcc linker'
mb-gcc -Wl,-T -Wl,../src/lscript.ld -LD:/pr0503_microblaze_axi_spi_i2c/microblaze_i2c/workspace/axi_i2c_wrapper/export/axi_i2c_wrapper/sw/axi_i2c_wrapper/standalone_microblaze_0/bsplib/lib -mlittle-endian -mcpu=v11.0 -mxl-soft-mul -Wl,--no-relax -Wl,--gc-sections -o "axi_i2c.elf"  ./src/driver/FND/FND.o  ./src/driver/Button/Button.o  ./src/common/common.o  ./src/ap/upcounter/UpCounter.o  ./src/ap/TimeClock/TimeClock.o  ./src/ap/ap_main.o ./src/ap/interrupt.o  ./src/HAL/TMR/TMR.o  ./src/HAL/I2C/I2C.o  ./src/HAL/GPIO/GPIO.o  ./src/main.o   -Wl,--start-group,-lxil,-lgcc,-lc,--end-group
'Finished building target: axi_i2c.elf'
' '
'Invoking: MicroBlaze Print Size'
mb-size axi_i2c.elf  |tee "axi_i2c.elf.size"
   text	   data	    bss	    dec	    hex	filename
   9160	    340	   3324	  12824	   3218	axi_i2c.elf
'Finished building: axi_i2c.elf.size'
' '

20:24:24 Build Finished (took 553ms)

