Copyright 1986-2020 Xilinx, Inc. All Rights Reserved.
-----------------------------------------------------------------------------------------------------------------------------------------------------------------------------------------------------
| Tool Version : Vivado v.2020.2 (win64) Build 3064766 Wed Nov 18 09:12:45 MST 2020
| Date         : Fri Apr 17 14:15:39 2026
| Host         : DESKTOP-7CFQ9ND running 64-bit major release  (build 9200)
| Command      : report_timing_summary -max_paths 10 -file top_master_timing_summary_routed.rpt -pb top_master_timing_summary_routed.pb -rpx top_master_timing_summary_routed.rpx -warn_on_violation
| Design       : top_master
| Device       : 7a35t-cpg236
| Speed File   : -1  PRODUCTION 1.23 2018-06-13
-----------------------------------------------------------------------------------------------------------------------------------------------------------------------------------------------------

Timing Summary Report

------------------------------------------------------------------------------------------------
| Timer Settings
| --------------
------------------------------------------------------------------------------------------------

  Enable Multi Corner Analysis               :  Yes
  Enable Pessimism Removal                   :  Yes
  Pessimism Removal Resolution               :  Nearest Common Node
  Enable Input Delay Default Clock           :  No
  Enable Preset / Clear Arcs                 :  No
  Disable Flight Delays                      :  No
  Ignore I/O Paths                           :  No
  Timing Early Launch at Borrowing Latches   :  No
  Borrow Time for Max Delay Exceptions       :  Yes
  Merge Timing Exceptions                    :  Yes

  Corner  Analyze    Analyze    
  Name    Max Paths  Min Paths  
  ------  ---------  ---------  
  Slow    Yes        Yes        
  Fast    Yes        Yes        



check_timing report

Table of Contents
-----------------
1. checking no_clock (0)
2. checking constant_clock (0)
3. checking pulse_width_clock (0)
4. checking unconstrained_internal_endpoints (0)
5. checking no_input_delay (11)
6. checking no_output_delay (11)
7. checking multiple_clock (0)
8. checking generated_clocks (0)
9. checking loops (0)
10. checking partial_input_delay (0)
11. checking partial_output_delay (0)
12. checking latch_loops (0)

1. checking no_clock (0)
------------------------
 There are 0 register/latch pins with no clock.


2. checking constant_clock (0)
------------------------------
 There are 0 register/latch pins with constant_clock.


3. checking pulse_width_clock (0)
---------------------------------
 There are 0 register/latch pins which need pulse_width check


4. checking unconstrained_internal_endpoints (0)
------------------------------------------------
 There are 0 pins that are not constrained for maximum delay.

 There are 0 pins that are not constrained for maximum delay due to constant clock.


5. checking no_input_delay (11)
-------------------------------
 There are 11 input ports with no input delay specified. (HIGH)

 There are 0 input ports with no input delay but user has a false path constraint.


6. checking no_output_delay (11)
--------------------------------
 There are 11 ports with no output delay specified. (HIGH)

 There are 0 ports with no output delay but user has a false path constraint

 There are 0 ports with no output delay but with a timing clock defined on it or propagating through it


7. checking multiple_clock (0)
------------------------------
 There are 0 register/latch pins with multiple clocks.


8. checking generated_clocks (0)
--------------------------------
 There are 0 generated clocks that are not connected to a clock source.


9. checking loops (0)
---------------------
 There are 0 combinational loops in the design.


10. checking partial_input_delay (0)
------------------------------------
 There are 0 input ports with partial input delay specified.


11. checking partial_output_delay (0)
-------------------------------------
 There are 0 ports with partial output delay specified.


12. checking latch_loops (0)
----------------------------
 There are 0 combinational latch loops in the design through latch input



------------------------------------------------------------------------------------------------
| Design Timing Summary
| ---------------------
------------------------------------------------------------------------------------------------

    WNS(ns)      TNS(ns)  TNS Failing Endpoints  TNS Total Endpoints      WHS(ns)      THS(ns)  THS Failing Endpoints  THS Total Endpoints     WPWS(ns)     TPWS(ns)  TPWS Failing Endpoints  TPWS Total Endpoints  
    -------      -------  ---------------------  -------------------      -------      -------  ---------------------  -------------------     --------     --------  ----------------------  --------------------  
      5.936        0.000                      0                  106        0.187        0.000                      0                  106        4.500        0.000                       0                    69  


All user specified timing constraints are met.


------------------------------------------------------------------------------------------------
| Clock Summary
| -------------
------------------------------------------------------------------------------------------------

Clock        Waveform(ns)       Period(ns)      Frequency(MHz)
-----        ------------       ----------      --------------
sys_clk_pin  {0.000 5.000}      10.000          100.000         


------------------------------------------------------------------------------------------------
| Intra Clock Table
| -----------------
------------------------------------------------------------------------------------------------

Clock             WNS(ns)      TNS(ns)  TNS Failing Endpoints  TNS Total Endpoints      WHS(ns)      THS(ns)  THS Failing Endpoints  THS Total Endpoints     WPWS(ns)     TPWS(ns)  TPWS Failing Endpoints  TPWS Total Endpoints  
-----             -------      -------  ---------------------  -------------------      -------      -------  ---------------------  -------------------     --------     --------  ----------------------  --------------------  
sys_clk_pin         5.936        0.000                      0                  106        0.187        0.000                      0                  106        4.500        0.000                       0                    69  


------------------------------------------------------------------------------------------------
| Inter Clock Table
| -----------------
------------------------------------------------------------------------------------------------

From Clock    To Clock          WNS(ns)      TNS(ns)  TNS Failing Endpoints  TNS Total Endpoints      WHS(ns)      THS(ns)  THS Failing Endpoints  THS Total Endpoints  
----------    --------          -------      -------  ---------------------  -------------------      -------      -------  ---------------------  -------------------  


------------------------------------------------------------------------------------------------
| Other Path Groups Table
| -----------------------
------------------------------------------------------------------------------------------------

Path Group    From Clock    To Clock          WNS(ns)      TNS(ns)  TNS Failing Endpoints  TNS Total Endpoints      WHS(ns)      THS(ns)  THS Failing Endpoints  THS Total Endpoints  
----------    ----------    --------          -------      -------  ---------------------  -------------------      -------      -------  ---------------------  -------------------  


------------------------------------------------------------------------------------------------
| Timing Details
| --------------
------------------------------------------------------------------------------------------------


---------------------------------------------------------------------------------------------------
From Clock:  sys_clk_pin
  To Clock:  sys_clk_pin

Setup :            0  Failing Endpoints,  Worst Slack        5.936ns,  Total Violation        0.000ns
Hold  :            0  Failing Endpoints,  Worst Slack        0.187ns,  Total Violation        0.000ns
PW    :            0  Failing Endpoints,  Worst Slack        4.500ns,  Total Violation        0.000ns
---------------------------------------------------------------------------------------------------


Max Delay Paths
--------------------------------------------------------------------------------------
Slack (MET) :             5.936ns  (required time - arrival time)
  Source:                 u_debounce/cnt_reg[1]/C
                            (rising edge-triggered cell FDCE clocked by sys_clk_pin  {rise@0.000ns fall@5.000ns period=10.000ns})
  Destination:            u_debounce/cnt_reg[17]/D
                            (rising edge-triggered cell FDCE clocked by sys_clk_pin  {rise@0.000ns fall@5.000ns period=10.000ns})
  Path Group:             sys_clk_pin
  Path Type:              Setup (Max at Slow Process Corner)
  Requirement:            10.000ns  (sys_clk_pin rise@10.000ns - sys_clk_pin rise@0.000ns)
  Data Path Delay:        4.080ns  (logic 2.141ns (52.481%)  route 1.939ns (47.519%))
  Logic Levels:           6  (CARRY4=5 LUT4=1)
  Clock Path Skew:        -0.024ns (DCD - SCD + CPR)
    Destination Clock Delay (DCD):    5.020ns = ( 15.020 - 10.000 ) 
    Source Clock Delay      (SCD):    5.325ns
    Clock Pessimism Removal (CPR):    0.281ns
  Clock Uncertainty:      0.035ns  ((TSJ^2 + TIJ^2)^1/2 + DJ) / 2 + PE
    Total System Jitter     (TSJ):    0.071ns
    Total Input Jitter      (TIJ):    0.000ns
    Discrete Jitter          (DJ):    0.000ns
    Phase Error              (PE):    0.000ns

    Location             Delay type                Incr(ns)  Path(ns)    Netlist Resource(s)
  -------------------------------------------------------------------    -------------------
                         (clock sys_clk_pin rise edge)
                                                      0.000     0.000 r  
    W5                                                0.000     0.000 r  clk (IN)
                         net (fo=0)                   0.000     0.000    clk
    W5                   IBUF (Prop_ibuf_I_O)         1.458     1.458 r  clk_IBUF_inst/O
                         net (fo=1, routed)           1.967     3.425    clk_IBUF
    BUFGCTRL_X0Y0        BUFG (Prop_bufg_I_O)         0.096     3.521 r  clk_IBUF_BUFG_inst/O
                         net (fo=68, routed)          1.804     5.325    u_debounce/CLK
    SLICE_X4Y137         FDCE                                         r  u_debounce/cnt_reg[1]/C
  -------------------------------------------------------------------    -------------------
    SLICE_X4Y137         FDCE (Prop_fdce_C_Q)         0.419     5.744 r  u_debounce/cnt_reg[1]/Q
                         net (fo=2, routed)           0.846     6.591    u_debounce/cnt[1]
    SLICE_X3Y136         CARRY4 (Prop_carry4_S[0]_CO[3])
                                                      0.831     7.422 r  u_debounce/cnt0_carry/CO[3]
                         net (fo=1, routed)           0.000     7.422    u_debounce/cnt0_carry_n_0
    SLICE_X3Y137         CARRY4 (Prop_carry4_CI_CO[3])
                                                      0.114     7.536 r  u_debounce/cnt0_carry__0/CO[3]
                         net (fo=1, routed)           0.000     7.536    u_debounce/cnt0_carry__0_n_0
    SLICE_X3Y138         CARRY4 (Prop_carry4_CI_CO[3])
                                                      0.114     7.650 r  u_debounce/cnt0_carry__1/CO[3]
                         net (fo=1, routed)           0.000     7.650    u_debounce/cnt0_carry__1_n_0
    SLICE_X3Y139         CARRY4 (Prop_carry4_CI_CO[3])
                                                      0.114     7.764 r  u_debounce/cnt0_carry__2/CO[3]
                         net (fo=1, routed)           0.000     7.764    u_debounce/cnt0_carry__2_n_0
    SLICE_X3Y140         CARRY4 (Prop_carry4_CI_O[0])
                                                      0.222     7.986 r  u_debounce/cnt0_carry__3/O[0]
                         net (fo=1, routed)           1.092     9.078    u_debounce/data0[17]
    SLICE_X4Y138         LUT4 (Prop_lut4_I3_O)        0.327     9.405 r  u_debounce/cnt[17]_i_1/O
                         net (fo=1, routed)           0.000     9.405    u_debounce/cnt[17]_i_1_n_0
    SLICE_X4Y138         FDCE                                         r  u_debounce/cnt_reg[17]/D
  -------------------------------------------------------------------    -------------------

                         (clock sys_clk_pin rise edge)
                                                     10.000    10.000 r  
    W5                                                0.000    10.000 r  clk (IN)
                         net (fo=0)                   0.000    10.000    clk
    W5                   IBUF (Prop_ibuf_I_O)         1.388    11.388 r  clk_IBUF_inst/O
                         net (fo=1, routed)           1.862    13.250    clk_IBUF
    BUFGCTRL_X0Y0        BUFG (Prop_bufg_I_O)         0.091    13.341 r  clk_IBUF_BUFG_inst/O
                         net (fo=68, routed)          1.679    15.020    u_debounce/CLK
    SLICE_X4Y138         FDCE                                         r  u_debounce/cnt_reg[17]/C
                         clock pessimism              0.281    15.301    
                         clock uncertainty           -0.035    15.266    
    SLICE_X4Y138         FDCE (Setup_fdce_C_D)        0.075    15.341    u_debounce/cnt_reg[17]
  -------------------------------------------------------------------
                         required time                         15.341    
                         arrival time                          -9.405    
  -------------------------------------------------------------------
                         slack                                  5.936    

Slack (MET) :             5.943ns  (required time - arrival time)
  Source:                 u_debounce/cnt_reg[1]/C
                            (rising edge-triggered cell FDCE clocked by sys_clk_pin  {rise@0.000ns fall@5.000ns period=10.000ns})
  Destination:            u_debounce/cnt_reg[18]/D
                            (rising edge-triggered cell FDCE clocked by sys_clk_pin  {rise@0.000ns fall@5.000ns period=10.000ns})
  Path Group:             sys_clk_pin
  Path Type:              Setup (Max at Slow Process Corner)
  Requirement:            10.000ns  (sys_clk_pin rise@10.000ns - sys_clk_pin rise@0.000ns)
  Data Path Delay:        4.029ns  (logic 2.229ns (55.329%)  route 1.800ns (44.671%))
  Logic Levels:           6  (CARRY4=5 LUT4=1)
  Clock Path Skew:        -0.024ns (DCD - SCD + CPR)
    Destination Clock Delay (DCD):    5.020ns = ( 15.020 - 10.000 ) 
    Source Clock Delay      (SCD):    5.325ns
    Clock Pessimism Removal (CPR):    0.281ns
  Clock Uncertainty:      0.035ns  ((TSJ^2 + TIJ^2)^1/2 + DJ) / 2 + PE
    Total System Jitter     (TSJ):    0.071ns
    Total Input Jitter      (TIJ):    0.000ns
    Discrete Jitter          (DJ):    0.000ns
    Phase Error              (PE):    0.000ns

    Location             Delay type                Incr(ns)  Path(ns)    Netlist Resource(s)
  -------------------------------------------------------------------    -------------------
                         (clock sys_clk_pin rise edge)
                                                      0.000     0.000 r  
    W5                                                0.000     0.000 r  clk (IN)
                         net (fo=0)                   0.000     0.000    clk
    W5                   IBUF (Prop_ibuf_I_O)         1.458     1.458 r  clk_IBUF_inst/O
                         net (fo=1, routed)           1.967     3.425    clk_IBUF
    BUFGCTRL_X0Y0        BUFG (Prop_bufg_I_O)         0.096     3.521 r  clk_IBUF_BUFG_inst/O
                         net (fo=68, routed)          1.804     5.325    u_debounce/CLK
    SLICE_X4Y137         FDCE                                         r  u_debounce/cnt_reg[1]/C
  -------------------------------------------------------------------    -------------------
    SLICE_X4Y137         FDCE (Prop_fdce_C_Q)         0.419     5.744 r  u_debounce/cnt_reg[1]/Q
                         net (fo=2, routed)           0.846     6.591    u_debounce/cnt[1]
    SLICE_X3Y136         CARRY4 (Prop_carry4_S[0]_CO[3])
                                                      0.831     7.422 r  u_debounce/cnt0_carry/CO[3]
                         net (fo=1, routed)           0.000     7.422    u_debounce/cnt0_carry_n_0
    SLICE_X3Y137         CARRY4 (Prop_carry4_CI_CO[3])
                                                      0.114     7.536 r  u_debounce/cnt0_carry__0/CO[3]
                         net (fo=1, routed)           0.000     7.536    u_debounce/cnt0_carry__0_n_0
    SLICE_X3Y138         CARRY4 (Prop_carry4_CI_CO[3])
                                                      0.114     7.650 r  u_debounce/cnt0_carry__1/CO[3]
                         net (fo=1, routed)           0.000     7.650    u_debounce/cnt0_carry__1_n_0
    SLICE_X3Y139         CARRY4 (Prop_carry4_CI_CO[3])
                                                      0.114     7.764 r  u_debounce/cnt0_carry__2/CO[3]
                         net (fo=1, routed)           0.000     7.764    u_debounce/cnt0_carry__2_n_0
    SLICE_X3Y140         CARRY4 (Prop_carry4_CI_O[1])
                                                      0.334     8.098 r  u_debounce/cnt0_carry__3/O[1]
                         net (fo=1, routed)           0.953     9.051    u_debounce/data0[18]
    SLICE_X4Y138         LUT4 (Prop_lut4_I3_O)        0.303     9.354 r  u_debounce/cnt[18]_i_1/O
                         net (fo=1, routed)           0.000     9.354    u_debounce/cnt[18]_i_1_n_0
    SLICE_X4Y138         FDCE                                         r  u_debounce/cnt_reg[18]/D
  -------------------------------------------------------------------    -------------------

                         (clock sys_clk_pin rise edge)
                                                     10.000    10.000 r  
    W5                                                0.000    10.000 r  clk (IN)
                         net (fo=0)                   0.000    10.000    clk
    W5                   IBUF (Prop_ibuf_I_O)         1.388    11.388 r  clk_IBUF_inst/O
                         net (fo=1, routed)           1.862    13.250    clk_IBUF
    BUFGCTRL_X0Y0        BUFG (Prop_bufg_I_O)         0.091    13.341 r  clk_IBUF_BUFG_inst/O
                         net (fo=68, routed)          1.679    15.020    u_debounce/CLK
    SLICE_X4Y138         FDCE                                         r  u_debounce/cnt_reg[18]/C
                         clock pessimism              0.281    15.301    
                         clock uncertainty           -0.035    15.266    
    SLICE_X4Y138         FDCE (Setup_fdce_C_D)        0.031    15.297    u_debounce/cnt_reg[18]
  -------------------------------------------------------------------
                         required time                         15.297    
                         arrival time                          -9.354    
  -------------------------------------------------------------------
                         slack                                  5.943    

Slack (MET) :             6.154ns  (required time - arrival time)
  Source:                 u_debounce/cnt_reg[5]/C
                            (rising edge-triggered cell FDCE clocked by sys_clk_pin  {rise@0.000ns fall@5.000ns period=10.000ns})
  Destination:            u_debounce/cnt_reg[11]/D
                            (rising edge-triggered cell FDCE clocked by sys_clk_pin  {rise@0.000ns fall@5.000ns period=10.000ns})
  Path Group:             sys_clk_pin
  Path Type:              Setup (Max at Slow Process Corner)
  Requirement:            10.000ns  (sys_clk_pin rise@10.000ns - sys_clk_pin rise@0.000ns)
  Data Path Delay:        3.801ns  (logic 1.021ns (26.861%)  route 2.780ns (73.139%))
  Logic Levels:           3  (LUT4=2 LUT5=1)
  Clock Path Skew:        -0.039ns (DCD - SCD + CPR)
    Destination Clock Delay (DCD):    5.020ns = ( 15.020 - 10.000 ) 
    Source Clock Delay      (SCD):    5.326ns
    Clock Pessimism Removal (CPR):    0.267ns
  Clock Uncertainty:      0.035ns  ((TSJ^2 + TIJ^2)^1/2 + DJ) / 2 + PE
    Total System Jitter     (TSJ):    0.071ns
    Total Input Jitter      (TIJ):    0.000ns
    Discrete Jitter          (DJ):    0.000ns
    Phase Error              (PE):    0.000ns

    Location             Delay type                Incr(ns)  Path(ns)    Netlist Resource(s)
  -------------------------------------------------------------------    -------------------
                         (clock sys_clk_pin rise edge)
                                                      0.000     0.000 r  
    W5                                                0.000     0.000 r  clk (IN)
                         net (fo=0)                   0.000     0.000    clk
    W5                   IBUF (Prop_ibuf_I_O)         1.458     1.458 r  clk_IBUF_inst/O
                         net (fo=1, routed)           1.967     3.425    clk_IBUF
    BUFGCTRL_X0Y0        BUFG (Prop_bufg_I_O)         0.096     3.521 r  clk_IBUF_BUFG_inst/O
                         net (fo=68, routed)          1.805     5.326    u_debounce/CLK
    SLICE_X2Y137         FDCE                                         r  u_debounce/cnt_reg[5]/C
  -------------------------------------------------------------------    -------------------
    SLICE_X2Y137         FDCE (Prop_fdce_C_Q)         0.478     5.804 f  u_debounce/cnt_reg[5]/Q
                         net (fo=2, routed)           1.136     6.940    u_debounce/cnt[5]
    SLICE_X2Y138         LUT4 (Prop_lut4_I0_O)        0.295     7.235 r  u_debounce/cnt[19]_i_5/O
                         net (fo=1, routed)           0.658     7.893    u_debounce/cnt[19]_i_5_n_0
    SLICE_X2Y137         LUT5 (Prop_lut5_I2_O)        0.124     8.017 r  u_debounce/cnt[19]_i_2/O
                         net (fo=20, routed)          0.986     9.003    u_debounce/cnt[19]_i_2_n_0
    SLICE_X4Y138         LUT4 (Prop_lut4_I0_O)        0.124     9.127 r  u_debounce/cnt[11]_i_1/O
                         net (fo=1, routed)           0.000     9.127    u_debounce/cnt[11]_i_1_n_0
    SLICE_X4Y138         FDCE                                         r  u_debounce/cnt_reg[11]/D
  -------------------------------------------------------------------    -------------------

                         (clock sys_clk_pin rise edge)
                                                     10.000    10.000 r  
    W5                                                0.000    10.000 r  clk (IN)
                         net (fo=0)                   0.000    10.000    clk
    W5                   IBUF (Prop_ibuf_I_O)         1.388    11.388 r  clk_IBUF_inst/O
                         net (fo=1, routed)           1.862    13.250    clk_IBUF
    BUFGCTRL_X0Y0        BUFG (Prop_bufg_I_O)         0.091    13.341 r  clk_IBUF_BUFG_inst/O
                         net (fo=68, routed)          1.679    15.020    u_debounce/CLK
    SLICE_X4Y138         FDCE                                         r  u_debounce/cnt_reg[11]/C
                         clock pessimism              0.267    15.287    
                         clock uncertainty           -0.035    15.252    
    SLICE_X4Y138         FDCE (Setup_fdce_C_D)        0.029    15.281    u_debounce/cnt_reg[11]
  -------------------------------------------------------------------
                         required time                         15.281    
                         arrival time                          -9.127    
  -------------------------------------------------------------------
                         slack                                  6.154    

Slack (MET) :             6.172ns  (required time - arrival time)
  Source:                 u_debounce/cnt_reg[5]/C
                            (rising edge-triggered cell FDCE clocked by sys_clk_pin  {rise@0.000ns fall@5.000ns period=10.000ns})
  Destination:            u_debounce/cnt_reg[12]/D
                            (rising edge-triggered cell FDCE clocked by sys_clk_pin  {rise@0.000ns fall@5.000ns period=10.000ns})
  Path Group:             sys_clk_pin
  Path Type:              Setup (Max at Slow Process Corner)
  Requirement:            10.000ns  (sys_clk_pin rise@10.000ns - sys_clk_pin rise@0.000ns)
  Data Path Delay:        3.829ns  (logic 1.049ns (27.396%)  route 2.780ns (72.604%))
  Logic Levels:           3  (LUT4=2 LUT5=1)
  Clock Path Skew:        -0.039ns (DCD - SCD + CPR)
    Destination Clock Delay (DCD):    5.020ns = ( 15.020 - 10.000 ) 
    Source Clock Delay      (SCD):    5.326ns
    Clock Pessimism Removal (CPR):    0.267ns
  Clock Uncertainty:      0.035ns  ((TSJ^2 + TIJ^2)^1/2 + DJ) / 2 + PE
    Total System Jitter     (TSJ):    0.071ns
    Total Input Jitter      (TIJ):    0.000ns
    Discrete Jitter          (DJ):    0.000ns
    Phase Error              (PE):    0.000ns

    Location             Delay type                Incr(ns)  Path(ns)    Netlist Resource(s)
  -------------------------------------------------------------------    -------------------
                         (clock sys_clk_pin rise edge)
                                                      0.000     0.000 r  
    W5                                                0.000     0.000 r  clk (IN)
                         net (fo=0)                   0.000     0.000    clk
    W5                   IBUF (Prop_ibuf_I_O)         1.458     1.458 r  clk_IBUF_inst/O
                         net (fo=1, routed)           1.967     3.425    clk_IBUF
    BUFGCTRL_X0Y0        BUFG (Prop_bufg_I_O)         0.096     3.521 r  clk_IBUF_BUFG_inst/O
                         net (fo=68, routed)          1.805     5.326    u_debounce/CLK
    SLICE_X2Y137         FDCE                                         r  u_debounce/cnt_reg[5]/C
  -------------------------------------------------------------------    -------------------
    SLICE_X2Y137         FDCE (Prop_fdce_C_Q)         0.478     5.804 f  u_debounce/cnt_reg[5]/Q
                         net (fo=2, routed)           1.136     6.940    u_debounce/cnt[5]
    SLICE_X2Y138         LUT4 (Prop_lut4_I0_O)        0.295     7.235 r  u_debounce/cnt[19]_i_5/O
                         net (fo=1, routed)           0.658     7.893    u_debounce/cnt[19]_i_5_n_0
    SLICE_X2Y137         LUT5 (Prop_lut5_I2_O)        0.124     8.017 r  u_debounce/cnt[19]_i_2/O
                         net (fo=20, routed)          0.986     9.003    u_debounce/cnt[19]_i_2_n_0
    SLICE_X4Y138         LUT4 (Prop_lut4_I0_O)        0.152     9.155 r  u_debounce/cnt[12]_i_1/O
                         net (fo=1, routed)           0.000     9.155    u_debounce/cnt[12]_i_1_n_0
    SLICE_X4Y138         FDCE                                         r  u_debounce/cnt_reg[12]/D
  -------------------------------------------------------------------    -------------------

                         (clock sys_clk_pin rise edge)
                                                     10.000    10.000 r  
    W5                                                0.000    10.000 r  clk (IN)
                         net (fo=0)                   0.000    10.000    clk
    W5                   IBUF (Prop_ibuf_I_O)         1.388    11.388 r  clk_IBUF_inst/O
                         net (fo=1, routed)           1.862    13.250    clk_IBUF
    BUFGCTRL_X0Y0        BUFG (Prop_bufg_I_O)         0.091    13.341 r  clk_IBUF_BUFG_inst/O
                         net (fo=68, routed)          1.679    15.020    u_debounce/CLK
    SLICE_X4Y138         FDCE                                         r  u_debounce/cnt_reg[12]/C
                         clock pessimism              0.267    15.287    
                         clock uncertainty           -0.035    15.252    
    SLICE_X4Y138         FDCE (Setup_fdce_C_D)        0.075    15.327    u_debounce/cnt_reg[12]
  -------------------------------------------------------------------
                         required time                         15.327    
                         arrival time                          -9.155    
  -------------------------------------------------------------------
                         slack                                  6.172    

Slack (MET) :             6.177ns  (required time - arrival time)
  Source:                 u_debounce/cnt_reg[1]/C
                            (rising edge-triggered cell FDCE clocked by sys_clk_pin  {rise@0.000ns fall@5.000ns period=10.000ns})
  Destination:            u_debounce/cnt_reg[14]/D
                            (rising edge-triggered cell FDCE clocked by sys_clk_pin  {rise@0.000ns fall@5.000ns period=10.000ns})
  Path Group:             sys_clk_pin
  Path Type:              Setup (Max at Slow Process Corner)
  Requirement:            10.000ns  (sys_clk_pin rise@10.000ns - sys_clk_pin rise@0.000ns)
  Data Path Delay:        3.794ns  (logic 2.115ns (55.743%)  route 1.679ns (44.257%))
  Logic Levels:           5  (CARRY4=4 LUT4=1)
  Clock Path Skew:        -0.024ns (DCD - SCD + CPR)
    Destination Clock Delay (DCD):    5.020ns = ( 15.020 - 10.000 ) 
    Source Clock Delay      (SCD):    5.325ns
    Clock Pessimism Removal (CPR):    0.281ns
  Clock Uncertainty:      0.035ns  ((TSJ^2 + TIJ^2)^1/2 + DJ) / 2 + PE
    Total System Jitter     (TSJ):    0.071ns
    Total Input Jitter      (TIJ):    0.000ns
    Discrete Jitter          (DJ):    0.000ns
    Phase Error              (PE):    0.000ns

    Location             Delay type                Incr(ns)  Path(ns)    Netlist Resource(s)
  -------------------------------------------------------------------    -------------------
                         (clock sys_clk_pin rise edge)
                                                      0.000     0.000 r  
    W5                                                0.000     0.000 r  clk (IN)
                         net (fo=0)                   0.000     0.000    clk
    W5                   IBUF (Prop_ibuf_I_O)         1.458     1.458 r  clk_IBUF_inst/O
                         net (fo=1, routed)           1.967     3.425    clk_IBUF
    BUFGCTRL_X0Y0        BUFG (Prop_bufg_I_O)         0.096     3.521 r  clk_IBUF_BUFG_inst/O
                         net (fo=68, routed)          1.804     5.325    u_debounce/CLK
    SLICE_X4Y137         FDCE                                         r  u_debounce/cnt_reg[1]/C
  -------------------------------------------------------------------    -------------------
    SLICE_X4Y137         FDCE (Prop_fdce_C_Q)         0.419     5.744 r  u_debounce/cnt_reg[1]/Q
                         net (fo=2, routed)           0.846     6.591    u_debounce/cnt[1]
    SLICE_X3Y136         CARRY4 (Prop_carry4_S[0]_CO[3])
                                                      0.831     7.422 r  u_debounce/cnt0_carry/CO[3]
                         net (fo=1, routed)           0.000     7.422    u_debounce/cnt0_carry_n_0
    SLICE_X3Y137         CARRY4 (Prop_carry4_CI_CO[3])
                                                      0.114     7.536 r  u_debounce/cnt0_carry__0/CO[3]
                         net (fo=1, routed)           0.000     7.536    u_debounce/cnt0_carry__0_n_0
    SLICE_X3Y138         CARRY4 (Prop_carry4_CI_CO[3])
                                                      0.114     7.650 r  u_debounce/cnt0_carry__1/CO[3]
                         net (fo=1, routed)           0.000     7.650    u_debounce/cnt0_carry__1_n_0
    SLICE_X3Y139         CARRY4 (Prop_carry4_CI_O[1])
                                                      0.334     7.984 r  u_debounce/cnt0_carry__2/O[1]
                         net (fo=1, routed)           0.833     8.816    u_debounce/data0[14]
    SLICE_X4Y138         LUT4 (Prop_lut4_I3_O)        0.303     9.119 r  u_debounce/cnt[14]_i_1/O
                         net (fo=1, routed)           0.000     9.119    u_debounce/cnt[14]_i_1_n_0
    SLICE_X4Y138         FDCE                                         r  u_debounce/cnt_reg[14]/D
  -------------------------------------------------------------------    -------------------

                         (clock sys_clk_pin rise edge)
                                                     10.000    10.000 r  
    W5                                                0.000    10.000 r  clk (IN)
                         net (fo=0)                   0.000    10.000    clk
    W5                   IBUF (Prop_ibuf_I_O)         1.388    11.388 r  clk_IBUF_inst/O
                         net (fo=1, routed)           1.862    13.250    clk_IBUF
    BUFGCTRL_X0Y0        BUFG (Prop_bufg_I_O)         0.091    13.341 r  clk_IBUF_BUFG_inst/O
                         net (fo=68, routed)          1.679    15.020    u_debounce/CLK
    SLICE_X4Y138         FDCE                                         r  u_debounce/cnt_reg[14]/C
                         clock pessimism              0.281    15.301    
                         clock uncertainty           -0.035    15.266    
    SLICE_X4Y138         FDCE (Setup_fdce_C_D)        0.031    15.297    u_debounce/cnt_reg[14]
  -------------------------------------------------------------------
                         required time                         15.297    
                         arrival time                          -9.119    
  -------------------------------------------------------------------
                         slack                                  6.177    

Slack (MET) :             6.181ns  (required time - arrival time)
  Source:                 u_debounce/cnt_reg[5]/C
                            (rising edge-triggered cell FDCE clocked by sys_clk_pin  {rise@0.000ns fall@5.000ns period=10.000ns})
  Destination:            u_debounce/cnt_reg[15]/D
                            (rising edge-triggered cell FDCE clocked by sys_clk_pin  {rise@0.000ns fall@5.000ns period=10.000ns})
  Path Group:             sys_clk_pin
  Path Type:              Setup (Max at Slow Process Corner)
  Requirement:            10.000ns  (sys_clk_pin rise@10.000ns - sys_clk_pin rise@0.000ns)
  Data Path Delay:        3.841ns  (logic 1.021ns (26.581%)  route 2.820ns (73.419%))
  Logic Levels:           3  (LUT4=2 LUT5=1)
  Clock Path Skew:        -0.024ns (DCD - SCD + CPR)
    Destination Clock Delay (DCD):    5.021ns = ( 15.021 - 10.000 ) 
    Source Clock Delay      (SCD):    5.326ns
    Clock Pessimism Removal (CPR):    0.281ns
  Clock Uncertainty:      0.035ns  ((TSJ^2 + TIJ^2)^1/2 + DJ) / 2 + PE
    Total System Jitter     (TSJ):    0.071ns
    Total Input Jitter      (TIJ):    0.000ns
    Discrete Jitter          (DJ):    0.000ns
    Phase Error              (PE):    0.000ns

    Location             Delay type                Incr(ns)  Path(ns)    Netlist Resource(s)
  -------------------------------------------------------------------    -------------------
                         (clock sys_clk_pin rise edge)
                                                      0.000     0.000 r  
    W5                                                0.000     0.000 r  clk (IN)
                         net (fo=0)                   0.000     0.000    clk
    W5                   IBUF (Prop_ibuf_I_O)         1.458     1.458 r  clk_IBUF_inst/O
                         net (fo=1, routed)           1.967     3.425    clk_IBUF
    BUFGCTRL_X0Y0        BUFG (Prop_bufg_I_O)         0.096     3.521 r  clk_IBUF_BUFG_inst/O
                         net (fo=68, routed)          1.805     5.326    u_debounce/CLK
    SLICE_X2Y137         FDCE                                         r  u_debounce/cnt_reg[5]/C
  -------------------------------------------------------------------    -------------------
    SLICE_X2Y137         FDCE (Prop_fdce_C_Q)         0.478     5.804 f  u_debounce/cnt_reg[5]/Q
                         net (fo=2, routed)           1.136     6.940    u_debounce/cnt[5]
    SLICE_X2Y138         LUT4 (Prop_lut4_I0_O)        0.295     7.235 r  u_debounce/cnt[19]_i_5/O
                         net (fo=1, routed)           0.658     7.893    u_debounce/cnt[19]_i_5_n_0
    SLICE_X2Y137         LUT5 (Prop_lut5_I2_O)        0.124     8.017 r  u_debounce/cnt[19]_i_2/O
                         net (fo=20, routed)          1.026     9.043    u_debounce/cnt[19]_i_2_n_0
    SLICE_X2Y138         LUT4 (Prop_lut4_I0_O)        0.124     9.167 r  u_debounce/cnt[15]_i_1/O
                         net (fo=1, routed)           0.000     9.167    u_debounce/cnt[15]_i_1_n_0
    SLICE_X2Y138         FDCE                                         r  u_debounce/cnt_reg[15]/D
  -------------------------------------------------------------------    -------------------

                         (clock sys_clk_pin rise edge)
                                                     10.000    10.000 r  
    W5                                                0.000    10.000 r  clk (IN)
                         net (fo=0)                   0.000    10.000    clk
    W5                   IBUF (Prop_ibuf_I_O)         1.388    11.388 r  clk_IBUF_inst/O
                         net (fo=1, routed)           1.862    13.250    clk_IBUF
    BUFGCTRL_X0Y0        BUFG (Prop_bufg_I_O)         0.091    13.341 r  clk_IBUF_BUFG_inst/O
                         net (fo=68, routed)          1.680    15.021    u_debounce/CLK
    SLICE_X2Y138         FDCE                                         r  u_debounce/cnt_reg[15]/C
                         clock pessimism              0.281    15.302    
                         clock uncertainty           -0.035    15.267    
    SLICE_X2Y138         FDCE (Setup_fdce_C_D)        0.081    15.348    u_debounce/cnt_reg[15]
  -------------------------------------------------------------------
                         required time                         15.348    
                         arrival time                          -9.167    
  -------------------------------------------------------------------
                         slack                                  6.181    

Slack (MET) :             6.190ns  (required time - arrival time)
  Source:                 u_debounce/cnt_reg[5]/C
                            (rising edge-triggered cell FDCE clocked by sys_clk_pin  {rise@0.000ns fall@5.000ns period=10.000ns})
  Destination:            u_debounce/cnt_reg[16]/D
                            (rising edge-triggered cell FDCE clocked by sys_clk_pin  {rise@0.000ns fall@5.000ns period=10.000ns})
  Path Group:             sys_clk_pin
  Path Type:              Setup (Max at Slow Process Corner)
  Requirement:            10.000ns  (sys_clk_pin rise@10.000ns - sys_clk_pin rise@0.000ns)
  Data Path Delay:        3.869ns  (logic 1.049ns (27.112%)  route 2.820ns (72.888%))
  Logic Levels:           3  (LUT4=2 LUT5=1)
  Clock Path Skew:        -0.024ns (DCD - SCD + CPR)
    Destination Clock Delay (DCD):    5.021ns = ( 15.021 - 10.000 ) 
    Source Clock Delay      (SCD):    5.326ns
    Clock Pessimism Removal (CPR):    0.281ns
  Clock Uncertainty:      0.035ns  ((TSJ^2 + TIJ^2)^1/2 + DJ) / 2 + PE
    Total System Jitter     (TSJ):    0.071ns
    Total Input Jitter      (TIJ):    0.000ns
    Discrete Jitter          (DJ):    0.000ns
    Phase Error              (PE):    0.000ns

    Location             Delay type                Incr(ns)  Path(ns)    Netlist Resource(s)
  -------------------------------------------------------------------    -------------------
                         (clock sys_clk_pin rise edge)
                                                      0.000     0.000 r  
    W5                                                0.000     0.000 r  clk (IN)
                         net (fo=0)                   0.000     0.000    clk
    W5                   IBUF (Prop_ibuf_I_O)         1.458     1.458 r  clk_IBUF_inst/O
                         net (fo=1, routed)           1.967     3.425    clk_IBUF
    BUFGCTRL_X0Y0        BUFG (Prop_bufg_I_O)         0.096     3.521 r  clk_IBUF_BUFG_inst/O
                         net (fo=68, routed)          1.805     5.326    u_debounce/CLK
    SLICE_X2Y137         FDCE                                         r  u_debounce/cnt_reg[5]/C
  -------------------------------------------------------------------    -------------------
    SLICE_X2Y137         FDCE (Prop_fdce_C_Q)         0.478     5.804 f  u_debounce/cnt_reg[5]/Q
                         net (fo=2, routed)           1.136     6.940    u_debounce/cnt[5]
    SLICE_X2Y138         LUT4 (Prop_lut4_I0_O)        0.295     7.235 r  u_debounce/cnt[19]_i_5/O
                         net (fo=1, routed)           0.658     7.893    u_debounce/cnt[19]_i_5_n_0
    SLICE_X2Y137         LUT5 (Prop_lut5_I2_O)        0.124     8.017 r  u_debounce/cnt[19]_i_2/O
                         net (fo=20, routed)          1.026     9.043    u_debounce/cnt[19]_i_2_n_0
    SLICE_X2Y138         LUT4 (Prop_lut4_I0_O)        0.152     9.195 r  u_debounce/cnt[16]_i_1/O
                         net (fo=1, routed)           0.000     9.195    u_debounce/cnt[16]_i_1_n_0
    SLICE_X2Y138         FDCE                                         r  u_debounce/cnt_reg[16]/D
  -------------------------------------------------------------------    -------------------

                         (clock sys_clk_pin rise edge)
                                                     10.000    10.000 r  
    W5                                                0.000    10.000 r  clk (IN)
                         net (fo=0)                   0.000    10.000    clk
    W5                   IBUF (Prop_ibuf_I_O)         1.388    11.388 r  clk_IBUF_inst/O
                         net (fo=1, routed)           1.862    13.250    clk_IBUF
    BUFGCTRL_X0Y0        BUFG (Prop_bufg_I_O)         0.091    13.341 r  clk_IBUF_BUFG_inst/O
                         net (fo=68, routed)          1.680    15.021    u_debounce/CLK
    SLICE_X2Y138         FDCE                                         r  u_debounce/cnt_reg[16]/C
                         clock pessimism              0.281    15.302    
                         clock uncertainty           -0.035    15.267    
    SLICE_X2Y138         FDCE (Setup_fdce_C_D)        0.118    15.385    u_debounce/cnt_reg[16]
  -------------------------------------------------------------------
                         required time                         15.385    
                         arrival time                          -9.195    
  -------------------------------------------------------------------
                         slack                                  6.190    

Slack (MET) :             6.205ns  (required time - arrival time)
  Source:                 u_debounce/cnt_reg[5]/C
                            (rising edge-triggered cell FDCE clocked by sys_clk_pin  {rise@0.000ns fall@5.000ns period=10.000ns})
  Destination:            u_debounce/cnt_reg[10]/D
                            (rising edge-triggered cell FDCE clocked by sys_clk_pin  {rise@0.000ns fall@5.000ns period=10.000ns})
  Path Group:             sys_clk_pin
  Path Type:              Setup (Max at Slow Process Corner)
  Requirement:            10.000ns  (sys_clk_pin rise@10.000ns - sys_clk_pin rise@0.000ns)
  Data Path Delay:        3.813ns  (logic 1.021ns (26.780%)  route 2.792ns (73.220%))
  Logic Levels:           3  (LUT4=2 LUT5=1)
  Clock Path Skew:        -0.024ns (DCD - SCD + CPR)
    Destination Clock Delay (DCD):    5.021ns = ( 15.021 - 10.000 ) 
    Source Clock Delay      (SCD):    5.326ns
    Clock Pessimism Removal (CPR):    0.281ns
  Clock Uncertainty:      0.035ns  ((TSJ^2 + TIJ^2)^1/2 + DJ) / 2 + PE
    Total System Jitter     (TSJ):    0.071ns
    Total Input Jitter      (TIJ):    0.000ns
    Discrete Jitter          (DJ):    0.000ns
    Phase Error              (PE):    0.000ns

    Location             Delay type                Incr(ns)  Path(ns)    Netlist Resource(s)
  -------------------------------------------------------------------    -------------------
                         (clock sys_clk_pin rise edge)
                                                      0.000     0.000 r  
    W5                                                0.000     0.000 r  clk (IN)
                         net (fo=0)                   0.000     0.000    clk
    W5                   IBUF (Prop_ibuf_I_O)         1.458     1.458 r  clk_IBUF_inst/O
                         net (fo=1, routed)           1.967     3.425    clk_IBUF
    BUFGCTRL_X0Y0        BUFG (Prop_bufg_I_O)         0.096     3.521 r  clk_IBUF_BUFG_inst/O
                         net (fo=68, routed)          1.805     5.326    u_debounce/CLK
    SLICE_X2Y137         FDCE                                         r  u_debounce/cnt_reg[5]/C
  -------------------------------------------------------------------    -------------------
    SLICE_X2Y137         FDCE (Prop_fdce_C_Q)         0.478     5.804 f  u_debounce/cnt_reg[5]/Q
                         net (fo=2, routed)           1.136     6.940    u_debounce/cnt[5]
    SLICE_X2Y138         LUT4 (Prop_lut4_I0_O)        0.295     7.235 r  u_debounce/cnt[19]_i_5/O
                         net (fo=1, routed)           0.658     7.893    u_debounce/cnt[19]_i_5_n_0
    SLICE_X2Y137         LUT5 (Prop_lut5_I2_O)        0.124     8.017 r  u_debounce/cnt[19]_i_2/O
                         net (fo=20, routed)          0.998     9.015    u_debounce/cnt[19]_i_2_n_0
    SLICE_X2Y138         LUT4 (Prop_lut4_I0_O)        0.124     9.139 r  u_debounce/cnt[10]_i_1/O
                         net (fo=1, routed)           0.000     9.139    u_debounce/cnt[10]_i_1_n_0
    SLICE_X2Y138         FDCE                                         r  u_debounce/cnt_reg[10]/D
  -------------------------------------------------------------------    -------------------

                         (clock sys_clk_pin rise edge)
                                                     10.000    10.000 r  
    W5                                                0.000    10.000 r  clk (IN)
                         net (fo=0)                   0.000    10.000    clk
    W5                   IBUF (Prop_ibuf_I_O)         1.388    11.388 r  clk_IBUF_inst/O
                         net (fo=1, routed)           1.862    13.250    clk_IBUF
    BUFGCTRL_X0Y0        BUFG (Prop_bufg_I_O)         0.091    13.341 r  clk_IBUF_BUFG_inst/O
                         net (fo=68, routed)          1.680    15.021    u_debounce/CLK
    SLICE_X2Y138         FDCE                                         r  u_debounce/cnt_reg[10]/C
                         clock pessimism              0.281    15.302    
                         clock uncertainty           -0.035    15.267    
    SLICE_X2Y138         FDCE (Setup_fdce_C_D)        0.077    15.344    u_debounce/cnt_reg[10]
  -------------------------------------------------------------------
                         required time                         15.344    
                         arrival time                          -9.139    
  -------------------------------------------------------------------
                         slack                                  6.205    

Slack (MET) :             6.220ns  (required time - arrival time)
  Source:                 u_debounce/cnt_reg[5]/C
                            (rising edge-triggered cell FDCE clocked by sys_clk_pin  {rise@0.000ns fall@5.000ns period=10.000ns})
  Destination:            u_debounce/cnt_reg[13]/D
                            (rising edge-triggered cell FDCE clocked by sys_clk_pin  {rise@0.000ns fall@5.000ns period=10.000ns})
  Path Group:             sys_clk_pin
  Path Type:              Setup (Max at Slow Process Corner)
  Requirement:            10.000ns  (sys_clk_pin rise@10.000ns - sys_clk_pin rise@0.000ns)
  Data Path Delay:        3.839ns  (logic 1.047ns (27.276%)  route 2.792ns (72.724%))
  Logic Levels:           3  (LUT4=2 LUT5=1)
  Clock Path Skew:        -0.024ns (DCD - SCD + CPR)
    Destination Clock Delay (DCD):    5.021ns = ( 15.021 - 10.000 ) 
    Source Clock Delay      (SCD):    5.326ns
    Clock Pessimism Removal (CPR):    0.281ns
  Clock Uncertainty:      0.035ns  ((TSJ^2 + TIJ^2)^1/2 + DJ) / 2 + PE
    Total System Jitter     (TSJ):    0.071ns
    Total Input Jitter      (TIJ):    0.000ns
    Discrete Jitter          (DJ):    0.000ns
    Phase Error              (PE):    0.000ns

    Location             Delay type                Incr(ns)  Path(ns)    Netlist Resource(s)
  -------------------------------------------------------------------    -------------------
                         (clock sys_clk_pin rise edge)
                                                      0.000     0.000 r  
    W5                                                0.000     0.000 r  clk (IN)
                         net (fo=0)                   0.000     0.000    clk
    W5                   IBUF (Prop_ibuf_I_O)         1.458     1.458 r  clk_IBUF_inst/O
                         net (fo=1, routed)           1.967     3.425    clk_IBUF
    BUFGCTRL_X0Y0        BUFG (Prop_bufg_I_O)         0.096     3.521 r  clk_IBUF_BUFG_inst/O
                         net (fo=68, routed)          1.805     5.326    u_debounce/CLK
    SLICE_X2Y137         FDCE                                         r  u_debounce/cnt_reg[5]/C
  -------------------------------------------------------------------    -------------------
    SLICE_X2Y137         FDCE (Prop_fdce_C_Q)         0.478     5.804 f  u_debounce/cnt_reg[5]/Q
                         net (fo=2, routed)           1.136     6.940    u_debounce/cnt[5]
    SLICE_X2Y138         LUT4 (Prop_lut4_I0_O)        0.295     7.235 r  u_debounce/cnt[19]_i_5/O
                         net (fo=1, routed)           0.658     7.893    u_debounce/cnt[19]_i_5_n_0
    SLICE_X2Y137         LUT5 (Prop_lut5_I2_O)        0.124     8.017 r  u_debounce/cnt[19]_i_2/O
                         net (fo=20, routed)          0.998     9.015    u_debounce/cnt[19]_i_2_n_0
    SLICE_X2Y138         LUT4 (Prop_lut4_I0_O)        0.150     9.165 r  u_debounce/cnt[13]_i_1/O
                         net (fo=1, routed)           0.000     9.165    u_debounce/cnt[13]_i_1_n_0
    SLICE_X2Y138         FDCE                                         r  u_debounce/cnt_reg[13]/D
  -------------------------------------------------------------------    -------------------

                         (clock sys_clk_pin rise edge)
                                                     10.000    10.000 r  
    W5                                                0.000    10.000 r  clk (IN)
                         net (fo=0)                   0.000    10.000    clk
    W5                   IBUF (Prop_ibuf_I_O)         1.388    11.388 r  clk_IBUF_inst/O
                         net (fo=1, routed)           1.862    13.250    clk_IBUF
    BUFGCTRL_X0Y0        BUFG (Prop_bufg_I_O)         0.091    13.341 r  clk_IBUF_BUFG_inst/O
                         net (fo=68, routed)          1.680    15.021    u_debounce/CLK
    SLICE_X2Y138         FDCE                                         r  u_debounce/cnt_reg[13]/C
                         clock pessimism              0.281    15.302    
                         clock uncertainty           -0.035    15.267    
    SLICE_X2Y138         FDCE (Setup_fdce_C_D)        0.118    15.385    u_debounce/cnt_reg[13]
  -------------------------------------------------------------------
                         required time                         15.385    
                         arrival time                          -9.165    
  -------------------------------------------------------------------
                         slack                                  6.220    

Slack (MET) :             6.427ns  (required time - arrival time)
  Source:                 u_debounce/cnt_reg[5]/C
                            (rising edge-triggered cell FDCE clocked by sys_clk_pin  {rise@0.000ns fall@5.000ns period=10.000ns})
  Destination:            u_debounce/cnt_reg[2]/D
                            (rising edge-triggered cell FDCE clocked by sys_clk_pin  {rise@0.000ns fall@5.000ns period=10.000ns})
  Path Group:             sys_clk_pin
  Path Type:              Setup (Max at Slow Process Corner)
  Requirement:            10.000ns  (sys_clk_pin rise@10.000ns - sys_clk_pin rise@0.000ns)
  Data Path Delay:        3.525ns  (logic 1.021ns (28.961%)  route 2.504ns (71.039%))
  Logic Levels:           3  (LUT4=2 LUT5=1)
  Clock Path Skew:        -0.041ns (DCD - SCD + CPR)
    Destination Clock Delay (DCD):    5.018ns = ( 15.018 - 10.000 ) 
    Source Clock Delay      (SCD):    5.326ns
    Clock Pessimism Removal (CPR):    0.267ns
  Clock Uncertainty:      0.035ns  ((TSJ^2 + TIJ^2)^1/2 + DJ) / 2 + PE
    Total System Jitter     (TSJ):    0.071ns
    Total Input Jitter      (TIJ):    0.000ns
    Discrete Jitter          (DJ):    0.000ns
    Phase Error              (PE):    0.000ns

    Location             Delay type                Incr(ns)  Path(ns)    Netlist Resource(s)
  -------------------------------------------------------------------    -------------------
                         (clock sys_clk_pin rise edge)
                                                      0.000     0.000 r  
    W5                                                0.000     0.000 r  clk (IN)
                         net (fo=0)                   0.000     0.000    clk
    W5                   IBUF (Prop_ibuf_I_O)         1.458     1.458 r  clk_IBUF_inst/O
                         net (fo=1, routed)           1.967     3.425    clk_IBUF
    BUFGCTRL_X0Y0        BUFG (Prop_bufg_I_O)         0.096     3.521 r  clk_IBUF_BUFG_inst/O
                         net (fo=68, routed)          1.805     5.326    u_debounce/CLK
    SLICE_X2Y137         FDCE                                         r  u_debounce/cnt_reg[5]/C
  -------------------------------------------------------------------    -------------------
    SLICE_X2Y137         FDCE (Prop_fdce_C_Q)         0.478     5.804 f  u_debounce/cnt_reg[5]/Q
                         net (fo=2, routed)           1.136     6.940    u_debounce/cnt[5]
    SLICE_X2Y138         LUT4 (Prop_lut4_I0_O)        0.295     7.235 r  u_debounce/cnt[19]_i_5/O
                         net (fo=1, routed)           0.658     7.893    u_debounce/cnt[19]_i_5_n_0
    SLICE_X2Y137         LUT5 (Prop_lut5_I2_O)        0.124     8.017 r  u_debounce/cnt[19]_i_2/O
                         net (fo=20, routed)          0.711     8.728    u_debounce/cnt[19]_i_2_n_0
    SLICE_X4Y136         LUT4 (Prop_lut4_I0_O)        0.124     8.852 r  u_debounce/cnt[2]_i_1/O
                         net (fo=1, routed)           0.000     8.852    u_debounce/cnt[2]_i_1_n_0
    SLICE_X4Y136         FDCE                                         r  u_debounce/cnt_reg[2]/D
  -------------------------------------------------------------------    -------------------

                         (clock sys_clk_pin rise edge)
                                                     10.000    10.000 r  
    W5                                                0.000    10.000 r  clk (IN)
                         net (fo=0)                   0.000    10.000    clk
    W5                   IBUF (Prop_ibuf_I_O)         1.388    11.388 r  clk_IBUF_inst/O
                         net (fo=1, routed)           1.862    13.250    clk_IBUF
    BUFGCTRL_X0Y0        BUFG (Prop_bufg_I_O)         0.091    13.341 r  clk_IBUF_BUFG_inst/O
                         net (fo=68, routed)          1.677    15.018    u_debounce/CLK
    SLICE_X4Y136         FDCE                                         r  u_debounce/cnt_reg[2]/C
                         clock pessimism              0.267    15.285    
                         clock uncertainty           -0.035    15.250    
    SLICE_X4Y136         FDCE (Setup_fdce_C_D)        0.029    15.279    u_debounce/cnt_reg[2]
  -------------------------------------------------------------------
                         required time                         15.279    
                         arrival time                          -8.852    
  -------------------------------------------------------------------
                         slack                                  6.427    





Min Delay Paths
--------------------------------------------------------------------------------------
Slack (MET) :             0.187ns  (arrival time - required time)
  Source:                 u_master/rx_shift_reg_reg[5]/C
                            (rising edge-triggered cell FDCE clocked by sys_clk_pin  {rise@0.000ns fall@5.000ns period=10.000ns})
  Destination:            u_master/rx_data_reg[5]/D
                            (rising edge-triggered cell FDCE clocked by sys_clk_pin  {rise@0.000ns fall@5.000ns period=10.000ns})
  Path Group:             sys_clk_pin
  Path Type:              Hold (Min at Fast Process Corner)
  Requirement:            0.000ns  (sys_clk_pin rise@0.000ns - sys_clk_pin rise@0.000ns)
  Data Path Delay:        0.219ns  (logic 0.128ns (58.373%)  route 0.091ns (41.627%))
  Logic Levels:           0  
  Clock Path Skew:        0.013ns (DCD - SCD - CPR)
    Destination Clock Delay (DCD):    2.073ns
    Source Clock Delay      (SCD):    1.555ns
    Clock Pessimism Removal (CPR):    0.505ns

    Location             Delay type                Incr(ns)  Path(ns)    Netlist Resource(s)
  -------------------------------------------------------------------    -------------------
                         (clock sys_clk_pin rise edge)
                                                      0.000     0.000 r  
    W5                                                0.000     0.000 r  clk (IN)
                         net (fo=0)                   0.000     0.000    clk
    W5                   IBUF (Prop_ibuf_I_O)         0.226     0.226 r  clk_IBUF_inst/O
                         net (fo=1, routed)           0.631     0.858    clk_IBUF
    BUFGCTRL_X0Y0        BUFG (Prop_bufg_I_O)         0.026     0.884 r  clk_IBUF_BUFG_inst/O
                         net (fo=68, routed)          0.671     1.555    u_master/CLK
    SLICE_X1Y135         FDCE                                         r  u_master/rx_shift_reg_reg[5]/C
  -------------------------------------------------------------------    -------------------
    SLICE_X1Y135         FDCE (Prop_fdce_C_Q)         0.128     1.683 r  u_master/rx_shift_reg_reg[5]/Q
                         net (fo=3, routed)           0.091     1.774    u_master/rx_shift_reg[5]
    SLICE_X0Y135         FDCE                                         r  u_master/rx_data_reg[5]/D
  -------------------------------------------------------------------    -------------------

                         (clock sys_clk_pin rise edge)
                                                      0.000     0.000 r  
    W5                                                0.000     0.000 r  clk (IN)
                         net (fo=0)                   0.000     0.000    clk
    W5                   IBUF (Prop_ibuf_I_O)         0.414     0.414 r  clk_IBUF_inst/O
                         net (fo=1, routed)           0.685     1.099    clk_IBUF
    BUFGCTRL_X0Y0        BUFG (Prop_bufg_I_O)         0.029     1.128 r  clk_IBUF_BUFG_inst/O
                         net (fo=68, routed)          0.945     2.073    u_master/CLK
    SLICE_X0Y135         FDCE                                         r  u_master/rx_data_reg[5]/C
                         clock pessimism             -0.505     1.568    
    SLICE_X0Y135         FDCE (Hold_fdce_C_D)         0.019     1.587    u_master/rx_data_reg[5]
  -------------------------------------------------------------------
                         required time                         -1.587    
                         arrival time                           1.774    
  -------------------------------------------------------------------
                         slack                                  0.187    

Slack (MET) :             0.188ns  (arrival time - required time)
  Source:                 u_master/div_cnt_reg[1]/C
                            (rising edge-triggered cell FDCE clocked by sys_clk_pin  {rise@0.000ns fall@5.000ns period=10.000ns})
  Destination:            u_master/div_cnt_reg[3]/D
                            (rising edge-triggered cell FDCE clocked by sys_clk_pin  {rise@0.000ns fall@5.000ns period=10.000ns})
  Path Group:             sys_clk_pin
  Path Type:              Hold (Min at Fast Process Corner)
  Requirement:            0.000ns  (sys_clk_pin rise@0.000ns - sys_clk_pin rise@0.000ns)
  Data Path Delay:        0.308ns  (logic 0.189ns (61.349%)  route 0.119ns (38.651%))
  Logic Levels:           1  (LUT4=1)
  Clock Path Skew:        0.013ns (DCD - SCD - CPR)
    Destination Clock Delay (DCD):    2.076ns
    Source Clock Delay      (SCD):    1.557ns
    Clock Pessimism Removal (CPR):    0.506ns

    Location             Delay type                Incr(ns)  Path(ns)    Netlist Resource(s)
  -------------------------------------------------------------------    -------------------
                         (clock sys_clk_pin rise edge)
                                                      0.000     0.000 r  
    W5                                                0.000     0.000 r  clk (IN)
                         net (fo=0)                   0.000     0.000    clk
    W5                   IBUF (Prop_ibuf_I_O)         0.226     0.226 r  clk_IBUF_inst/O
                         net (fo=1, routed)           0.631     0.858    clk_IBUF
    BUFGCTRL_X0Y0        BUFG (Prop_bufg_I_O)         0.026     0.884 r  clk_IBUF_BUFG_inst/O
                         net (fo=68, routed)          0.673     1.557    u_master/CLK
    SLICE_X1Y138         FDCE                                         r  u_master/div_cnt_reg[1]/C
  -------------------------------------------------------------------    -------------------
    SLICE_X1Y138         FDCE (Prop_fdce_C_Q)         0.141     1.698 r  u_master/div_cnt_reg[1]/Q
                         net (fo=6, routed)           0.119     1.817    u_master/div_cnt_reg[1]
    SLICE_X0Y138         LUT4 (Prop_lut4_I2_O)        0.048     1.865 r  u_master/div_cnt[3]_i_1/O
                         net (fo=1, routed)           0.000     1.865    u_master/p_0_in__0[3]
    SLICE_X0Y138         FDCE                                         r  u_master/div_cnt_reg[3]/D
  -------------------------------------------------------------------    -------------------

                         (clock sys_clk_pin rise edge)
                                                      0.000     0.000 r  
    W5                                                0.000     0.000 r  clk (IN)
                         net (fo=0)                   0.000     0.000    clk
    W5                   IBUF (Prop_ibuf_I_O)         0.414     0.414 r  clk_IBUF_inst/O
                         net (fo=1, routed)           0.685     1.099    clk_IBUF
    BUFGCTRL_X0Y0        BUFG (Prop_bufg_I_O)         0.029     1.128 r  clk_IBUF_BUFG_inst/O
                         net (fo=68, routed)          0.948     2.076    u_master/CLK
    SLICE_X0Y138         FDCE                                         r  u_master/div_cnt_reg[3]/C
                         clock pessimism             -0.506     1.570    
    SLICE_X0Y138         FDCE (Hold_fdce_C_D)         0.107     1.677    u_master/div_cnt_reg[3]
  -------------------------------------------------------------------
                         required time                         -1.677    
                         arrival time                           1.865    
  -------------------------------------------------------------------
                         slack                                  0.188    

Slack (MET) :             0.191ns  (arrival time - required time)
  Source:                 u_master/rx_shift_reg_reg[0]/C
                            (rising edge-triggered cell FDCE clocked by sys_clk_pin  {rise@0.000ns fall@5.000ns period=10.000ns})
  Destination:            u_master/rx_data_reg[0]/D
                            (rising edge-triggered cell FDCE clocked by sys_clk_pin  {rise@0.000ns fall@5.000ns period=10.000ns})
  Path Group:             sys_clk_pin
  Path Type:              Hold (Min at Fast Process Corner)
  Requirement:            0.000ns  (sys_clk_pin rise@0.000ns - sys_clk_pin rise@0.000ns)
  Data Path Delay:        0.274ns  (logic 0.141ns (51.436%)  route 0.133ns (48.564%))
  Logic Levels:           0  
  Clock Path Skew:        0.013ns (DCD - SCD - CPR)
    Destination Clock Delay (DCD):    2.073ns
    Source Clock Delay      (SCD):    1.555ns
    Clock Pessimism Removal (CPR):    0.505ns

    Location             Delay type                Incr(ns)  Path(ns)    Netlist Resource(s)
  -------------------------------------------------------------------    -------------------
                         (clock sys_clk_pin rise edge)
                                                      0.000     0.000 r  
    W5                                                0.000     0.000 r  clk (IN)
                         net (fo=0)                   0.000     0.000    clk
    W5                   IBUF (Prop_ibuf_I_O)         0.226     0.226 r  clk_IBUF_inst/O
                         net (fo=1, routed)           0.631     0.858    clk_IBUF
    BUFGCTRL_X0Y0        BUFG (Prop_bufg_I_O)         0.026     0.884 r  clk_IBUF_BUFG_inst/O
                         net (fo=68, routed)          0.671     1.555    u_master/CLK
    SLICE_X1Y136         FDCE                                         r  u_master/rx_shift_reg_reg[0]/C
  -------------------------------------------------------------------    -------------------
    SLICE_X1Y136         FDCE (Prop_fdce_C_Q)         0.141     1.696 r  u_master/rx_shift_reg_reg[0]/Q
                         net (fo=3, routed)           0.133     1.829    u_master/rx_shift_reg[0]
    SLICE_X0Y136         FDCE                                         r  u_master/rx_data_reg[0]/D
  -------------------------------------------------------------------    -------------------

                         (clock sys_clk_pin rise edge)
                                                      0.000     0.000 r  
    W5                                                0.000     0.000 r  clk (IN)
                         net (fo=0)                   0.000     0.000    clk
    W5                   IBUF (Prop_ibuf_I_O)         0.414     0.414 r  clk_IBUF_inst/O
                         net (fo=1, routed)           0.685     1.099    clk_IBUF
    BUFGCTRL_X0Y0        BUFG (Prop_bufg_I_O)         0.029     1.128 r  clk_IBUF_BUFG_inst/O
                         net (fo=68, routed)          0.945     2.073    u_master/CLK
    SLICE_X0Y136         FDCE                                         r  u_master/rx_data_reg[0]/C
                         clock pessimism             -0.505     1.568    
    SLICE_X0Y136         FDCE (Hold_fdce_C_D)         0.070     1.638    u_master/rx_data_reg[0]
  -------------------------------------------------------------------
                         required time                         -1.638    
                         arrival time                           1.829    
  -------------------------------------------------------------------
                         slack                                  0.191    

Slack (MET) :             0.193ns  (arrival time - required time)
  Source:                 u_master/div_cnt_reg[1]/C
                            (rising edge-triggered cell FDCE clocked by sys_clk_pin  {rise@0.000ns fall@5.000ns period=10.000ns})
  Destination:            u_master/div_cnt_reg[4]/D
                            (rising edge-triggered cell FDCE clocked by sys_clk_pin  {rise@0.000ns fall@5.000ns period=10.000ns})
  Path Group:             sys_clk_pin
  Path Type:              Hold (Min at Fast Process Corner)
  Requirement:            0.000ns  (sys_clk_pin rise@0.000ns - sys_clk_pin rise@0.000ns)
  Data Path Delay:        0.310ns  (logic 0.190ns (61.276%)  route 0.120ns (38.724%))
  Logic Levels:           1  (LUT5=1)
  Clock Path Skew:        0.013ns (DCD - SCD - CPR)
    Destination Clock Delay (DCD):    2.076ns
    Source Clock Delay      (SCD):    1.557ns
    Clock Pessimism Removal (CPR):    0.506ns

    Location             Delay type                Incr(ns)  Path(ns)    Netlist Resource(s)
  -------------------------------------------------------------------    -------------------
                         (clock sys_clk_pin rise edge)
                                                      0.000     0.000 r  
    W5                                                0.000     0.000 r  clk (IN)
                         net (fo=0)                   0.000     0.000    clk
    W5                   IBUF (Prop_ibuf_I_O)         0.226     0.226 r  clk_IBUF_inst/O
                         net (fo=1, routed)           0.631     0.858    clk_IBUF
    BUFGCTRL_X0Y0        BUFG (Prop_bufg_I_O)         0.026     0.884 r  clk_IBUF_BUFG_inst/O
                         net (fo=68, routed)          0.673     1.557    u_master/CLK
    SLICE_X1Y138         FDCE                                         r  u_master/div_cnt_reg[1]/C
  -------------------------------------------------------------------    -------------------
    SLICE_X1Y138         FDCE (Prop_fdce_C_Q)         0.141     1.698 r  u_master/div_cnt_reg[1]/Q
                         net (fo=6, routed)           0.120     1.818    u_master/div_cnt_reg[1]
    SLICE_X0Y138         LUT5 (Prop_lut5_I2_O)        0.049     1.867 r  u_master/div_cnt[4]_i_1/O
                         net (fo=1, routed)           0.000     1.867    u_master/p_0_in__0[4]
    SLICE_X0Y138         FDCE                                         r  u_master/div_cnt_reg[4]/D
  -------------------------------------------------------------------    -------------------

                         (clock sys_clk_pin rise edge)
                                                      0.000     0.000 r  
    W5                                                0.000     0.000 r  clk (IN)
                         net (fo=0)                   0.000     0.000    clk
    W5                   IBUF (Prop_ibuf_I_O)         0.414     0.414 r  clk_IBUF_inst/O
                         net (fo=1, routed)           0.685     1.099    clk_IBUF
    BUFGCTRL_X0Y0        BUFG (Prop_bufg_I_O)         0.029     1.128 r  clk_IBUF_BUFG_inst/O
                         net (fo=68, routed)          0.948     2.076    u_master/CLK
    SLICE_X0Y138         FDCE                                         r  u_master/div_cnt_reg[4]/C
                         clock pessimism             -0.506     1.570    
    SLICE_X0Y138         FDCE (Hold_fdce_C_D)         0.104     1.674    u_master/div_cnt_reg[4]
  -------------------------------------------------------------------
                         required time                         -1.674    
                         arrival time                           1.867    
  -------------------------------------------------------------------
                         slack                                  0.193    

Slack (MET) :             0.195ns  (arrival time - required time)
  Source:                 u_master/FSM_onehot_state_reg[0]/C
                            (rising edge-triggered cell FDPE clocked by sys_clk_pin  {rise@0.000ns fall@5.000ns period=10.000ns})
  Destination:            u_master/FSM_onehot_state_reg[1]/D
                            (rising edge-triggered cell FDCE clocked by sys_clk_pin  {rise@0.000ns fall@5.000ns period=10.000ns})
  Path Group:             sys_clk_pin
  Path Type:              Hold (Min at Fast Process Corner)
  Requirement:            0.000ns  (sys_clk_pin rise@0.000ns - sys_clk_pin rise@0.000ns)
  Data Path Delay:        0.255ns  (logic 0.164ns (64.245%)  route 0.091ns (35.755%))
  Logic Levels:           0  
  Clock Path Skew:        0.000ns (DCD - SCD - CPR)
    Destination Clock Delay (DCD):    2.073ns
    Source Clock Delay      (SCD):    1.555ns
    Clock Pessimism Removal (CPR):    0.518ns

    Location             Delay type                Incr(ns)  Path(ns)    Netlist Resource(s)
  -------------------------------------------------------------------    -------------------
                         (clock sys_clk_pin rise edge)
                                                      0.000     0.000 r  
    W5                                                0.000     0.000 r  clk (IN)
                         net (fo=0)                   0.000     0.000    clk
    W5                   IBUF (Prop_ibuf_I_O)         0.226     0.226 r  clk_IBUF_inst/O
                         net (fo=1, routed)           0.631     0.858    clk_IBUF
    BUFGCTRL_X0Y0        BUFG (Prop_bufg_I_O)         0.026     0.884 r  clk_IBUF_BUFG_inst/O
                         net (fo=68, routed)          0.671     1.555    u_master/CLK
    SLICE_X2Y136         FDPE                                         r  u_master/FSM_onehot_state_reg[0]/C
  -------------------------------------------------------------------    -------------------
    SLICE_X2Y136         FDPE (Prop_fdpe_C_Q)         0.164     1.719 r  u_master/FSM_onehot_state_reg[0]/Q
                         net (fo=19, routed)          0.091     1.810    u_master/Q[0]
    SLICE_X2Y136         FDCE                                         r  u_master/FSM_onehot_state_reg[1]/D
  -------------------------------------------------------------------    -------------------

                         (clock sys_clk_pin rise edge)
                                                      0.000     0.000 r  
    W5                                                0.000     0.000 r  clk (IN)
                         net (fo=0)                   0.000     0.000    clk
    W5                   IBUF (Prop_ibuf_I_O)         0.414     0.414 r  clk_IBUF_inst/O
                         net (fo=1, routed)           0.685     1.099    clk_IBUF
    BUFGCTRL_X0Y0        BUFG (Prop_bufg_I_O)         0.029     1.128 r  clk_IBUF_BUFG_inst/O
                         net (fo=68, routed)          0.945     2.073    u_master/CLK
    SLICE_X2Y136         FDCE                                         r  u_master/FSM_onehot_state_reg[1]/C
                         clock pessimism             -0.518     1.555    
    SLICE_X2Y136         FDCE (Hold_fdce_C_D)         0.060     1.615    u_master/FSM_onehot_state_reg[1]
  -------------------------------------------------------------------
                         required time                         -1.615    
                         arrival time                           1.810    
  -------------------------------------------------------------------
                         slack                                  0.195    

Slack (MET) :             0.198ns  (arrival time - required time)
  Source:                 u_master/tx_shift_reg_reg[4]/C
                            (rising edge-triggered cell FDCE clocked by sys_clk_pin  {rise@0.000ns fall@5.000ns period=10.000ns})
  Destination:            u_master/tx_shift_reg_reg[5]/D
                            (rising edge-triggered cell FDCE clocked by sys_clk_pin  {rise@0.000ns fall@5.000ns period=10.000ns})
  Path Group:             sys_clk_pin
  Path Type:              Hold (Min at Fast Process Corner)
  Requirement:            0.000ns  (sys_clk_pin rise@0.000ns - sys_clk_pin rise@0.000ns)
  Data Path Delay:        0.290ns  (logic 0.186ns (64.100%)  route 0.104ns (35.900%))
  Logic Levels:           1  (LUT5=1)
  Clock Path Skew:        0.000ns (DCD - SCD - CPR)
    Destination Clock Delay (DCD):    2.072ns
    Source Clock Delay      (SCD):    1.555ns
    Clock Pessimism Removal (CPR):    0.517ns

    Location             Delay type                Incr(ns)  Path(ns)    Netlist Resource(s)
  -------------------------------------------------------------------    -------------------
                         (clock sys_clk_pin rise edge)
                                                      0.000     0.000 r  
    W5                                                0.000     0.000 r  clk (IN)
                         net (fo=0)                   0.000     0.000    clk
    W5                   IBUF (Prop_ibuf_I_O)         0.226     0.226 r  clk_IBUF_inst/O
                         net (fo=1, routed)           0.631     0.858    clk_IBUF
    BUFGCTRL_X0Y0        BUFG (Prop_bufg_I_O)         0.026     0.884 r  clk_IBUF_BUFG_inst/O
                         net (fo=68, routed)          0.671     1.555    u_master/CLK
    SLICE_X1Y134         FDCE                                         r  u_master/tx_shift_reg_reg[4]/C
  -------------------------------------------------------------------    -------------------
    SLICE_X1Y134         FDCE (Prop_fdce_C_Q)         0.141     1.696 r  u_master/tx_shift_reg_reg[4]/Q
                         net (fo=1, routed)           0.104     1.800    u_master/in14[5]
    SLICE_X1Y134         LUT5 (Prop_lut5_I2_O)        0.045     1.845 r  u_master/tx_shift_reg[5]_i_1/O
                         net (fo=1, routed)           0.000     1.845    u_master/tx_shift_reg[5]_i_1_n_0
    SLICE_X1Y134         FDCE                                         r  u_master/tx_shift_reg_reg[5]/D
  -------------------------------------------------------------------    -------------------

                         (clock sys_clk_pin rise edge)
                                                      0.000     0.000 r  
    W5                                                0.000     0.000 r  clk (IN)
                         net (fo=0)                   0.000     0.000    clk
    W5                   IBUF (Prop_ibuf_I_O)         0.414     0.414 r  clk_IBUF_inst/O
                         net (fo=1, routed)           0.685     1.099    clk_IBUF
    BUFGCTRL_X0Y0        BUFG (Prop_bufg_I_O)         0.029     1.128 r  clk_IBUF_BUFG_inst/O
                         net (fo=68, routed)          0.944     2.072    u_master/CLK
    SLICE_X1Y134         FDCE                                         r  u_master/tx_shift_reg_reg[5]/C
                         clock pessimism             -0.517     1.555    
    SLICE_X1Y134         FDCE (Hold_fdce_C_D)         0.092     1.647    u_master/tx_shift_reg_reg[5]
  -------------------------------------------------------------------
                         required time                         -1.647    
                         arrival time                           1.845    
  -------------------------------------------------------------------
                         slack                                  0.198    

Slack (MET) :             0.201ns  (arrival time - required time)
  Source:                 u_master/div_cnt_reg[1]/C
                            (rising edge-triggered cell FDCE clocked by sys_clk_pin  {rise@0.000ns fall@5.000ns period=10.000ns})
  Destination:            u_master/div_cnt_reg[2]/D
                            (rising edge-triggered cell FDCE clocked by sys_clk_pin  {rise@0.000ns fall@5.000ns period=10.000ns})
  Path Group:             sys_clk_pin
  Path Type:              Hold (Min at Fast Process Corner)
  Requirement:            0.000ns  (sys_clk_pin rise@0.000ns - sys_clk_pin rise@0.000ns)
  Data Path Delay:        0.305ns  (logic 0.186ns (60.969%)  route 0.119ns (39.031%))
  Logic Levels:           1  (LUT4=1)
  Clock Path Skew:        0.013ns (DCD - SCD - CPR)
    Destination Clock Delay (DCD):    2.076ns
    Source Clock Delay      (SCD):    1.557ns
    Clock Pessimism Removal (CPR):    0.506ns

    Location             Delay type                Incr(ns)  Path(ns)    Netlist Resource(s)
  -------------------------------------------------------------------    -------------------
                         (clock sys_clk_pin rise edge)
                                                      0.000     0.000 r  
    W5                                                0.000     0.000 r  clk (IN)
                         net (fo=0)                   0.000     0.000    clk
    W5                   IBUF (Prop_ibuf_I_O)         0.226     0.226 r  clk_IBUF_inst/O
                         net (fo=1, routed)           0.631     0.858    clk_IBUF
    BUFGCTRL_X0Y0        BUFG (Prop_bufg_I_O)         0.026     0.884 r  clk_IBUF_BUFG_inst/O
                         net (fo=68, routed)          0.673     1.557    u_master/CLK
    SLICE_X1Y138         FDCE                                         r  u_master/div_cnt_reg[1]/C
  -------------------------------------------------------------------    -------------------
    SLICE_X1Y138         FDCE (Prop_fdce_C_Q)         0.141     1.698 r  u_master/div_cnt_reg[1]/Q
                         net (fo=6, routed)           0.119     1.817    u_master/div_cnt_reg[1]
    SLICE_X0Y138         LUT4 (Prop_lut4_I2_O)        0.045     1.862 r  u_master/div_cnt[2]_i_1/O
                         net (fo=1, routed)           0.000     1.862    u_master/p_0_in__0[2]
    SLICE_X0Y138         FDCE                                         r  u_master/div_cnt_reg[2]/D
  -------------------------------------------------------------------    -------------------

                         (clock sys_clk_pin rise edge)
                                                      0.000     0.000 r  
    W5                                                0.000     0.000 r  clk (IN)
                         net (fo=0)                   0.000     0.000    clk
    W5                   IBUF (Prop_ibuf_I_O)         0.414     0.414 r  clk_IBUF_inst/O
                         net (fo=1, routed)           0.685     1.099    clk_IBUF
    BUFGCTRL_X0Y0        BUFG (Prop_bufg_I_O)         0.029     1.128 r  clk_IBUF_BUFG_inst/O
                         net (fo=68, routed)          0.948     2.076    u_master/CLK
    SLICE_X0Y138         FDCE                                         r  u_master/div_cnt_reg[2]/C
                         clock pessimism             -0.506     1.570    
    SLICE_X0Y138         FDCE (Hold_fdce_C_D)         0.091     1.661    u_master/div_cnt_reg[2]
  -------------------------------------------------------------------
                         required time                         -1.661    
                         arrival time                           1.862    
  -------------------------------------------------------------------
                         slack                                  0.201    

Slack (MET) :             0.212ns  (arrival time - required time)
  Source:                 u_master/rx_shift_reg_reg[2]/C
                            (rising edge-triggered cell FDCE clocked by sys_clk_pin  {rise@0.000ns fall@5.000ns period=10.000ns})
  Destination:            u_master/rx_data_reg[2]/D
                            (rising edge-triggered cell FDCE clocked by sys_clk_pin  {rise@0.000ns fall@5.000ns period=10.000ns})
  Path Group:             sys_clk_pin
  Path Type:              Hold (Min at Fast Process Corner)
  Requirement:            0.000ns  (sys_clk_pin rise@0.000ns - sys_clk_pin rise@0.000ns)
  Data Path Delay:        0.271ns  (logic 0.141ns (52.056%)  route 0.130ns (47.944%))
  Logic Levels:           0  
  Clock Path Skew:        0.013ns (DCD - SCD - CPR)
    Destination Clock Delay (DCD):    2.073ns
    Source Clock Delay      (SCD):    1.555ns
    Clock Pessimism Removal (CPR):    0.505ns

    Location             Delay type                Incr(ns)  Path(ns)    Netlist Resource(s)
  -------------------------------------------------------------------    -------------------
                         (clock sys_clk_pin rise edge)
                                                      0.000     0.000 r  
    W5                                                0.000     0.000 r  clk (IN)
                         net (fo=0)                   0.000     0.000    clk
    W5                   IBUF (Prop_ibuf_I_O)         0.226     0.226 r  clk_IBUF_inst/O
                         net (fo=1, routed)           0.631     0.858    clk_IBUF
    BUFGCTRL_X0Y0        BUFG (Prop_bufg_I_O)         0.026     0.884 r  clk_IBUF_BUFG_inst/O
                         net (fo=68, routed)          0.671     1.555    u_master/CLK
    SLICE_X1Y135         FDCE                                         r  u_master/rx_shift_reg_reg[2]/C
  -------------------------------------------------------------------    -------------------
    SLICE_X1Y135         FDCE (Prop_fdce_C_Q)         0.141     1.696 r  u_master/rx_shift_reg_reg[2]/Q
                         net (fo=3, routed)           0.130     1.825    u_master/rx_shift_reg[2]
    SLICE_X0Y135         FDCE                                         r  u_master/rx_data_reg[2]/D
  -------------------------------------------------------------------    -------------------

                         (clock sys_clk_pin rise edge)
                                                      0.000     0.000 r  
    W5                                                0.000     0.000 r  clk (IN)
                         net (fo=0)                   0.000     0.000    clk
    W5                   IBUF (Prop_ibuf_I_O)         0.414     0.414 r  clk_IBUF_inst/O
                         net (fo=1, routed)           0.685     1.099    clk_IBUF
    BUFGCTRL_X0Y0        BUFG (Prop_bufg_I_O)         0.029     1.128 r  clk_IBUF_BUFG_inst/O
                         net (fo=68, routed)          0.945     2.073    u_master/CLK
    SLICE_X0Y135         FDCE                                         r  u_master/rx_data_reg[2]/C
                         clock pessimism             -0.505     1.568    
    SLICE_X0Y135         FDCE (Hold_fdce_C_D)         0.046     1.614    u_master/rx_data_reg[2]
  -------------------------------------------------------------------
                         required time                         -1.614    
                         arrival time                           1.825    
  -------------------------------------------------------------------
                         slack                                  0.212    

Slack (MET) :             0.219ns  (arrival time - required time)
  Source:                 u_master/tx_shift_reg_reg[3]/C
                            (rising edge-triggered cell FDCE clocked by sys_clk_pin  {rise@0.000ns fall@5.000ns period=10.000ns})
  Destination:            u_master/tx_shift_reg_reg[4]/D
                            (rising edge-triggered cell FDCE clocked by sys_clk_pin  {rise@0.000ns fall@5.000ns period=10.000ns})
  Path Group:             sys_clk_pin
  Path Type:              Hold (Min at Fast Process Corner)
  Requirement:            0.000ns  (sys_clk_pin rise@0.000ns - sys_clk_pin rise@0.000ns)
  Data Path Delay:        0.323ns  (logic 0.186ns (57.598%)  route 0.137ns (42.402%))
  Logic Levels:           1  (LUT5=1)
  Clock Path Skew:        0.013ns (DCD - SCD - CPR)
    Destination Clock Delay (DCD):    2.072ns
    Source Clock Delay      (SCD):    1.555ns
    Clock Pessimism Removal (CPR):    0.504ns

    Location             Delay type                Incr(ns)  Path(ns)    Netlist Resource(s)
  -------------------------------------------------------------------    -------------------
                         (clock sys_clk_pin rise edge)
                                                      0.000     0.000 r  
    W5                                                0.000     0.000 r  clk (IN)
                         net (fo=0)                   0.000     0.000    clk
    W5                   IBUF (Prop_ibuf_I_O)         0.226     0.226 r  clk_IBUF_inst/O
                         net (fo=1, routed)           0.631     0.858    clk_IBUF
    BUFGCTRL_X0Y0        BUFG (Prop_bufg_I_O)         0.026     0.884 r  clk_IBUF_BUFG_inst/O
                         net (fo=68, routed)          0.671     1.555    u_master/CLK
    SLICE_X0Y134         FDCE                                         r  u_master/tx_shift_reg_reg[3]/C
  -------------------------------------------------------------------    -------------------
    SLICE_X0Y134         FDCE (Prop_fdce_C_Q)         0.141     1.696 r  u_master/tx_shift_reg_reg[3]/Q
                         net (fo=1, routed)           0.137     1.833    u_master/in14[4]
    SLICE_X1Y134         LUT5 (Prop_lut5_I2_O)        0.045     1.878 r  u_master/tx_shift_reg[4]_i_1/O
                         net (fo=1, routed)           0.000     1.878    u_master/tx_shift_reg[4]_i_1_n_0
    SLICE_X1Y134         FDCE                                         r  u_master/tx_shift_reg_reg[4]/D
  -------------------------------------------------------------------    -------------------

                         (clock sys_clk_pin rise edge)
                                                      0.000     0.000 r  
    W5                                                0.000     0.000 r  clk (IN)
                         net (fo=0)                   0.000     0.000    clk
    W5                   IBUF (Prop_ibuf_I_O)         0.414     0.414 r  clk_IBUF_inst/O
                         net (fo=1, routed)           0.685     1.099    clk_IBUF
    BUFGCTRL_X0Y0        BUFG (Prop_bufg_I_O)         0.029     1.128 r  clk_IBUF_BUFG_inst/O
                         net (fo=68, routed)          0.944     2.072    u_master/CLK
    SLICE_X1Y134         FDCE                                         r  u_master/tx_shift_reg_reg[4]/C
                         clock pessimism             -0.504     1.568    
    SLICE_X1Y134         FDCE (Hold_fdce_C_D)         0.091     1.659    u_master/tx_shift_reg_reg[4]
  -------------------------------------------------------------------
                         required time                         -1.659    
                         arrival time                           1.878    
  -------------------------------------------------------------------
                         slack                                  0.219    

Slack (MET) :             0.237ns  (arrival time - required time)
  Source:                 u_debounce/cnt_reg[0]/C
                            (rising edge-triggered cell FDCE clocked by sys_clk_pin  {rise@0.000ns fall@5.000ns period=10.000ns})
  Destination:            u_debounce/cnt_reg[0]/D
                            (rising edge-triggered cell FDCE clocked by sys_clk_pin  {rise@0.000ns fall@5.000ns period=10.000ns})
  Path Group:             sys_clk_pin
  Path Type:              Hold (Min at Fast Process Corner)
  Requirement:            0.000ns  (sys_clk_pin rise@0.000ns - sys_clk_pin rise@0.000ns)
  Data Path Delay:        0.329ns  (logic 0.186ns (56.500%)  route 0.143ns (43.500%))
  Logic Levels:           1  (LUT3=1)
  Clock Path Skew:        0.000ns (DCD - SCD - CPR)
    Destination Clock Delay (DCD):    2.072ns
    Source Clock Delay      (SCD):    1.555ns
    Clock Pessimism Removal (CPR):    0.517ns

    Location             Delay type                Incr(ns)  Path(ns)    Netlist Resource(s)
  -------------------------------------------------------------------    -------------------
                         (clock sys_clk_pin rise edge)
                                                      0.000     0.000 r  
    W5                                                0.000     0.000 r  clk (IN)
                         net (fo=0)                   0.000     0.000    clk
    W5                   IBUF (Prop_ibuf_I_O)         0.226     0.226 r  clk_IBUF_inst/O
                         net (fo=1, routed)           0.631     0.858    clk_IBUF
    BUFGCTRL_X0Y0        BUFG (Prop_bufg_I_O)         0.026     0.884 r  clk_IBUF_BUFG_inst/O
                         net (fo=68, routed)          0.671     1.555    u_debounce/CLK
    SLICE_X4Y137         FDCE                                         r  u_debounce/cnt_reg[0]/C
  -------------------------------------------------------------------    -------------------
    SLICE_X4Y137         FDCE (Prop_fdce_C_Q)         0.141     1.696 f  u_debounce/cnt_reg[0]/Q
                         net (fo=3, routed)           0.143     1.839    u_debounce/cnt[0]
    SLICE_X4Y137         LUT3 (Prop_lut3_I2_O)        0.045     1.884 r  u_debounce/cnt[0]_i_1/O
                         net (fo=1, routed)           0.000     1.884    u_debounce/cnt[0]_i_1_n_0
    SLICE_X4Y137         FDCE                                         r  u_debounce/cnt_reg[0]/D
  -------------------------------------------------------------------    -------------------

                         (clock sys_clk_pin rise edge)
                                                      0.000     0.000 r  
    W5                                                0.000     0.000 r  clk (IN)
                         net (fo=0)                   0.000     0.000    clk
    W5                   IBUF (Prop_ibuf_I_O)         0.414     0.414 r  clk_IBUF_inst/O
                         net (fo=1, routed)           0.685     1.099    clk_IBUF
    BUFGCTRL_X0Y0        BUFG (Prop_bufg_I_O)         0.029     1.128 r  clk_IBUF_BUFG_inst/O
                         net (fo=68, routed)          0.944     2.072    u_debounce/CLK
    SLICE_X4Y137         FDCE                                         r  u_debounce/cnt_reg[0]/C
                         clock pessimism             -0.517     1.555    
    SLICE_X4Y137         FDCE (Hold_fdce_C_D)         0.092     1.647    u_debounce/cnt_reg[0]
  -------------------------------------------------------------------
                         required time                         -1.647    
                         arrival time                           1.884    
  -------------------------------------------------------------------
                         slack                                  0.237    





Pulse Width Checks
--------------------------------------------------------------------------------------
Clock Name:         sys_clk_pin
Waveform(ns):       { 0.000 5.000 }
Period(ns):         10.000
Sources:            { clk }

Check Type        Corner  Lib Pin  Reference Pin  Required(ns)  Actual(ns)  Slack(ns)  Location       Pin
Min Period        n/a     BUFG/I   n/a            2.155         10.000      7.845      BUFGCTRL_X0Y0  clk_IBUF_BUFG_inst/I
Min Period        n/a     FDCE/C   n/a            1.000         10.000      9.000      SLICE_X5Y136   u_debounce/btn_prev_reg/C
Min Period        n/a     FDCE/C   n/a            1.000         10.000      9.000      SLICE_X4Y137   u_debounce/btn_stable_reg/C
Min Period        n/a     FDCE/C   n/a            1.000         10.000      9.000      SLICE_X5Y136   u_debounce/btn_sync_reg[0]/C
Min Period        n/a     FDCE/C   n/a            1.000         10.000      9.000      SLICE_X5Y136   u_debounce/btn_sync_reg[1]/C
Min Period        n/a     FDCE/C   n/a            1.000         10.000      9.000      SLICE_X4Y137   u_debounce/cnt_reg[0]/C
Min Period        n/a     FDCE/C   n/a            1.000         10.000      9.000      SLICE_X2Y138   u_debounce/cnt_reg[10]/C
Min Period        n/a     FDCE/C   n/a            1.000         10.000      9.000      SLICE_X4Y138   u_debounce/cnt_reg[11]/C
Min Period        n/a     FDCE/C   n/a            1.000         10.000      9.000      SLICE_X4Y138   u_debounce/cnt_reg[12]/C
Min Period        n/a     FDCE/C   n/a            1.000         10.000      9.000      SLICE_X2Y138   u_debounce/cnt_reg[13]/C
Low Pulse Width   Fast    FDCE/C   n/a            0.500         5.000       4.500      SLICE_X4Y137   u_debounce/btn_stable_reg/C
Low Pulse Width   Fast    FDCE/C   n/a            0.500         5.000       4.500      SLICE_X4Y137   u_debounce/cnt_reg[0]/C
Low Pulse Width   Fast    FDCE/C   n/a            0.500         5.000       4.500      SLICE_X4Y138   u_debounce/cnt_reg[11]/C
Low Pulse Width   Fast    FDCE/C   n/a            0.500         5.000       4.500      SLICE_X4Y138   u_debounce/cnt_reg[12]/C
Low Pulse Width   Fast    FDCE/C   n/a            0.500         5.000       4.500      SLICE_X4Y138   u_debounce/cnt_reg[14]/C
Low Pulse Width   Fast    FDCE/C   n/a            0.500         5.000       4.500      SLICE_X4Y138   u_debounce/cnt_reg[17]/C
Low Pulse Width   Fast    FDCE/C   n/a            0.500         5.000       4.500      SLICE_X4Y138   u_debounce/cnt_reg[18]/C
Low Pulse Width   Fast    FDCE/C   n/a            0.500         5.000       4.500      SLICE_X4Y138   u_debounce/cnt_reg[19]/C
Low Pulse Width   Fast    FDCE/C   n/a            0.500         5.000       4.500      SLICE_X4Y137   u_debounce/cnt_reg[1]/C
Low Pulse Width   Fast    FDCE/C   n/a            0.500         5.000       4.500      SLICE_X2Y137   u_debounce/cnt_reg[4]/C
High Pulse Width  Fast    FDCE/C   n/a            0.500         5.000       4.500      SLICE_X2Y138   u_debounce/cnt_reg[10]/C
High Pulse Width  Fast    FDCE/C   n/a            0.500         5.000       4.500      SLICE_X2Y138   u_debounce/cnt_reg[13]/C
High Pulse Width  Fast    FDCE/C   n/a            0.500         5.000       4.500      SLICE_X2Y138   u_debounce/cnt_reg[15]/C
High Pulse Width  Fast    FDCE/C   n/a            0.500         5.000       4.500      SLICE_X2Y138   u_debounce/cnt_reg[16]/C
High Pulse Width  Fast    FDCE/C   n/a            0.500         5.000       4.500      SLICE_X2Y138   u_debounce/cnt_reg[6]/C
High Pulse Width  Fast    FDCE/C   n/a            0.500         5.000       4.500      SLICE_X2Y138   u_debounce/cnt_reg[9]/C
High Pulse Width  Fast    FDCE/C   n/a            0.500         5.000       4.500      SLICE_X0Y139   u_master/div_cnt_reg[0]/C
High Pulse Width  Fast    FDCE/C   n/a            0.500         5.000       4.500      SLICE_X1Y138   u_master/div_cnt_reg[1]/C
High Pulse Width  Fast    FDCE/C   n/a            0.500         5.000       4.500      SLICE_X0Y138   u_master/div_cnt_reg[2]/C
High Pulse Width  Fast    FDCE/C   n/a            0.500         5.000       4.500      SLICE_X0Y138   u_master/div_cnt_reg[3]/C



